
Memory Configuration

Name             Origin             Length             Attributes
ram              0x0000000080200000 0x0000000008000000 axrl!w
*default*        0x0000000000000000 0xffffffffffffffff

Linker script and memory map

LOAD entry.o
LOAD kerneltrap.o
LOAD switch.o
LOAD sbi.o
LOAD main.o
LOAD printk.o
LOAD trap.o
LOAD syscall.o
LOAD string.o
LOAD app.o
LOAD task.o
LOAD timer.o
LOAD stack.o
LOAD address.o
LOAD assert.o
LOAD vsprintf.o
LOAD printf.o
                0x0000000080200000                BASE_ADDRESS = 0x80200000
                0x0000000000000000                skernel = .

.text           0x0000000080200000     0x2000
 *(.text .text.*)
 .text          0x0000000080200000        0x0 entry.o
 .text.entry    0x0000000080200000        0xc entry.o
                0x0000000080200000                _start
 *fill*         0x000000008020000c        0x4 
 .text          0x0000000080200010       0xbe kerneltrap.o
                0x0000000080200010                __alltraps
                0x0000000080200070                __restore
 .text          0x00000000802000ce       0x6a switch.o
                0x00000000802000ce                __switch
 .text          0x0000000080200138       0xe4 sbi.o
                0x0000000080200138                sbi_ecall
                0x00000000802001bc                sbi_console_putchar
                0x00000000802001ea                sbi_set_timer
 .text          0x000000008020021c       0x26 main.o
                0x000000008020021c                os_main
 .text          0x0000000080200242      0x142 printk.o
                0x0000000080200242                uart_puts
                0x00000000802002fe                printk
                0x0000000080200356                panic
 .text          0x0000000080200384      0x10c trap.o
                0x00000000802003b8                trap_handler
                0x0000000080200470                trap_init
 .text          0x0000000080200490      0x100 syscall.o
                0x0000000080200490                __sys_write
                0x00000000802004da                __sys_yield
                0x00000000802004f0                __sys_gettime
                0x0000000080200508                __SYSCALL
 .text          0x0000000080200590       0xe2 string.o
                0x0000000080200590                strlen
                0x00000000802005cc                memcpy
                0x0000000080200622                memset
 .text          0x0000000080200672      0x178 app.o
                0x0000000080200672                syscall
                0x00000000802006a6                sys_write
                0x00000000802006dc                sys_yield
                0x00000000802006fe                sys_gettime
                0x0000000080200720                task1
                0x0000000080200744                task2
                0x0000000080200768                task3
                0x00000000802007b4                task_init
 .text          0x00000000802007ea      0x318 task.o
                0x000000008020081e                tcx_init
                0x0000000080200896                task_create
                0x00000000802009ba                schedule
                0x0000000080200abe                run_first_task
 .text          0x0000000080200b02      0x120 timer.o
                0x0000000080200b84                set_next_trigger
                0x0000000080200baa                timer_init
                0x0000000080200bf8                get_time_us
 .text          0x0000000080200c22      0x18e stack.o
                0x0000000080200c22                initStack
                0x0000000080200c42                isEmpty
                0x0000000080200c70                isFull
                0x0000000080200ca2                push
                0x0000000080200d0c                pop
                0x0000000080200d68                top
 .text          0x0000000080200db0      0x9c4 address.o
                0x0000000080200df6                phys_addr_from_size_t
                0x0000000080200e1a                phys_page_num_from_size_t
                0x0000000080200e3e                size_t_from_phys_addr
                0x0000000080200e54                size_t_from_phys_page_num
                0x0000000080200e6a                phys_addr_from_phys_page_num
                0x0000000080200e8a                virt_addr_from_size_t
                0x0000000080200eae                virt_page_num_from_size_t
                0x0000000080200ed4                size_t_from_virt_addr
                0x0000000080200f02                size_t_from_virt_page_num
                0x0000000080200f18                floor_phys
                0x0000000080200f38                ceil_phys
                0x0000000080200f5e                floor_virts
                0x0000000080200f7e                virt_page_num_from_virt_addr
                0x0000000080200f9e                PageTableEntry_new
                0x0000000080200fcc                PageTableEntry_empty
                0x0000000080200fe2                PageTableEntry_ppn
                0x000000008020100c                PageTableEntry_flags
                0x0000000080201028                PageTableEntry_is_valid
                0x000000008020105e                get_bytes_array
                0x0000000080201086                get_pte_array
                0x00000000802010ae                StackFrameAllocator_new
                0x00000000802010e0                StackFrameAllocator_init
                0x000000008020110e                StackFrameAllocator_alloc
                0x0000000080201192                StackFrameAllocator_dealloc
                0x0000000080201234                frame_alloctor_init
                0x00000000802012bc                indexes
                0x000000008020134a                find_pte_create
                0x0000000080201414                find_pte
                0x00000000802014bc                PageTable_map
                0x00000000802015aa                PageTable_unmap
                0x0000000080201614                kvmmake
                0x000000008020170a                kvminit
                0x000000008020172c                kvminithart
 .text          0x0000000080201774       0x6c assert.o
                0x0000000080201792                assertion_failure
 .text          0x00000000802017e0      0x430 vsprintf.o
                0x00000000802017e0                _vsnprintf
 .text          0x0000000080201c10       0xc2 printf.o
                0x0000000080201c7a                printf
                0x0000000080202000                . = ALIGN (0x1000)
 *fill*         0x0000000080201cd2      0x32e 
                0x0000000080202000                PROVIDE (etext = .)

.rodata         0x0000000080202000      0x394
 *(.rodata .rodata.*)
 .rodata        0x0000000080202000       0x11 main.o
 *fill*         0x0000000080202011        0x7 
 .rodata        0x0000000080202018       0x32 printk.o
 *fill*         0x000000008020204a        0x6 
 .rodata        0x0000000080202050       0x3e trap.o
 *fill*         0x000000008020208e        0x2 
 .rodata        0x0000000080202090       0x3b syscall.o
 *fill*         0x00000000802020cb        0x5 
 .rodata        0x00000000802020d0       0x5a app.o
 *fill*         0x000000008020212a        0x6 
 .rodata        0x0000000080202130       0x4f task.o
 *fill*         0x000000008020217f        0x1 
 .rodata        0x0000000080202180       0x38 stack.o
 .rodata        0x00000000802021b8      0x10a address.o
 *fill*         0x00000000802022c2        0x6 
 .rodata        0x00000000802022c8       0x74 assert.o
 .rodata        0x000000008020233c       0x58 vsprintf.o

.rela.dyn       0x0000000080202398        0x0
 .rela.text     0x0000000080202398        0x0 entry.o

.data           0x0000000080202394      0xc6c
                0x0000000080203000                . = ALIGN (0x1000)
 *fill*         0x0000000080202394      0xc6c 
 *(.sdata .sdata.*)
 *(.data .data.*)
 .data          0x0000000080203000        0x0 entry.o
 .data          0x0000000080203000        0x0 kerneltrap.o
 .data          0x0000000080203000        0x0 switch.o
 .data          0x0000000080203000        0x0 sbi.o
 .data          0x0000000080203000        0x0 main.o
 .data          0x0000000080203000        0x0 printk.o
 .data          0x0000000080203000        0x0 trap.o
 .data          0x0000000080203000        0x0 syscall.o
 .data          0x0000000080203000        0x0 string.o
 .data          0x0000000080203000        0x0 app.o
 .data          0x0000000080203000        0x0 task.o
 .data          0x0000000080203000        0x0 timer.o
 .data          0x0000000080203000        0x0 stack.o
 .data          0x0000000080203000        0x0 address.o
 .data          0x0000000080203000        0x0 assert.o
 .data          0x0000000080203000        0x0 vsprintf.o
 .data          0x0000000080203000        0x0 printf.o
                [!provide]                        PROVIDE (_data_end = .)

.bss            0x0000000080203000    0x4c528
 *(.sbss .sbss.*)
 .sbss          0x0000000080203000        0x8 address.o
                0x0000000080203000                kernel_pagetable
 *(.bss .bss.*)
 .bss           0x0000000080203008        0x0 entry.o
 .bss.stack     0x0000000080203008    0x10000 entry.o
                0x0000000080203008                boot_stack_lower_bound
                0x0000000080213008                boot_stack_top
 .bss           0x0000000080213008        0x0 kerneltrap.o
 .bss           0x0000000080213008        0x0 switch.o
 .bss           0x0000000080213008        0x0 sbi.o
 .bss           0x0000000080213008        0x0 main.o
 .bss           0x0000000080213008      0x3e8 printk.o
 .bss           0x00000000802133f0        0x0 trap.o
 .bss           0x00000000802133f0        0x0 syscall.o
 .bss           0x00000000802133f0        0x0 string.o
 .bss           0x00000000802133f0        0x0 app.o
 .bss           0x00000000802133f0    0x284b8 task.o
                0x00000000802133f0                KernelStack
                0x00000000802273f0                UserStack
                0x000000008023b3f0                tasks
 .bss           0x000000008023b8a8        0x0 timer.o
 .bss           0x000000008023b8a8        0x0 stack.o
 .bss           0x000000008023b8a8    0x13898 address.o
                0x000000008023b8a8                FrameAllocatorImpl
 .bss           0x000000008024f140        0x0 assert.o
 .bss           0x000000008024f140        0x0 vsprintf.o
 .bss           0x000000008024f140      0x3e8 printf.o
 *(COMMON)
                0x000000008024f528                PROVIDE (kernelend = .)
OUTPUT(os.elf elf64-littleriscv)

.riscv.attributes
                0x0000000000000000       0x42
 .riscv.attributes
                0x0000000000000000       0x3c entry.o
 .riscv.attributes
                0x000000000000003c       0x40 kerneltrap.o
 .riscv.attributes
                0x000000000000007c       0x3c switch.o
 .riscv.attributes
                0x00000000000000b8       0x3e sbi.o
 .riscv.attributes
                0x00000000000000f6       0x3e main.o
 .riscv.attributes
                0x0000000000000134       0x3e printk.o
 .riscv.attributes
                0x0000000000000172       0x42 trap.o
 .riscv.attributes
                0x00000000000001b4       0x3e syscall.o
 .riscv.attributes
                0x00000000000001f2       0x3e string.o
 .riscv.attributes
                0x0000000000000230       0x3e app.o
 .riscv.attributes
                0x000000000000026e       0x42 task.o
 .riscv.attributes
                0x00000000000002b0       0x42 timer.o
 .riscv.attributes
                0x00000000000002f2       0x3e stack.o
 .riscv.attributes
                0x0000000000000330       0x42 address.o
 .riscv.attributes
                0x0000000000000372       0x3e assert.o
 .riscv.attributes
                0x00000000000003b0       0x3e vsprintf.o
 .riscv.attributes
                0x00000000000003ee       0x3e printf.o

.comment        0x0000000000000000       0x1b
 .comment       0x0000000000000000       0x1b sbi.o
                                         0x1c (size before relaxing)
 .comment       0x000000000000001b       0x1c main.o
 .comment       0x000000000000001b       0x1c printk.o
 .comment       0x000000000000001b       0x1c trap.o
 .comment       0x000000000000001b       0x1c syscall.o
 .comment       0x000000000000001b       0x1c string.o
 .comment       0x000000000000001b       0x1c app.o
 .comment       0x000000000000001b       0x1c task.o
 .comment       0x000000000000001b       0x1c timer.o
 .comment       0x000000000000001b       0x1c stack.o
 .comment       0x000000000000001b       0x1c address.o
 .comment       0x000000000000001b       0x1c assert.o
 .comment       0x000000000000001b       0x1c vsprintf.o
 .comment       0x000000000000001b       0x1c printf.o

.debug_line     0x0000000000000000     0x1f8c
 .debug_line    0x0000000000000000       0x52 entry.o
 .debug_line    0x0000000000000052      0x220 kerneltrap.o
 .debug_line    0x0000000000000272       0x72 switch.o
 .debug_line    0x00000000000002e4       0xe2 sbi.o
 .debug_line    0x00000000000003c6       0x88 main.o
 .debug_line    0x000000000000044e      0x141 printk.o
 .debug_line    0x000000000000058f      0x15a trap.o
 .debug_line    0x00000000000006e9       0xff syscall.o
 .debug_line    0x00000000000007e8      0x11f string.o
 .debug_line    0x0000000000000907      0x18b app.o
 .debug_line    0x0000000000000a92      0x294 task.o
 .debug_line    0x0000000000000d26      0x16e timer.o
 .debug_line    0x0000000000000e94      0x18f stack.o
 .debug_line    0x0000000000001023      0x931 address.o
 .debug_line    0x0000000000001954       0x80 assert.o
 .debug_line    0x00000000000019d4      0x4e8 vsprintf.o
 .debug_line    0x0000000000001ebc       0xd0 printf.o

.debug_line_str
                0x0000000000000000      0x1b2
 .debug_line_str
                0x0000000000000000       0x26 entry.o
 .debug_line_str
                0x0000000000000026        0xd kerneltrap.o
                                         0x2b (size before relaxing)
 .debug_line_str
                0x0000000000000033        0x9 switch.o
                                         0x27 (size before relaxing)
 .debug_line_str
                0x000000000000003c       0x2a sbi.o
                                         0x6e (size before relaxing)
 .debug_line_str
                0x0000000000000066       0x18 main.o
                                         0x70 (size before relaxing)
 .debug_line_str
                0x000000000000007e       0x5f printk.o
                                         0xcb (size before relaxing)
 .debug_line_str
                0x00000000000000dd       0x27 trap.o
                                         0x94 (size before relaxing)
 .debug_line_str
                0x0000000000000104        0xe syscall.o
                                         0x81 (size before relaxing)
 .debug_line_str
                0x0000000000000112       0x11 string.o
                                         0x71 (size before relaxing)
 .debug_line_str
                0x0000000000000123        0xa app.o
                                         0x75 (size before relaxing)
 .debug_line_str
                0x000000000000012d       0x12 task.o
                                         0x91 (size before relaxing)
 .debug_line_str
                0x000000000000013f        0xc timer.o
                                         0x7b (size before relaxing)
 .debug_line_str
                0x000000000000014b       0x14 stack.o
                                         0x7e (size before relaxing)
 .debug_line_str
                0x000000000000015f       0x2a address.o
                                         0xa8 (size before relaxing)
 .debug_line_str
                0x0000000000000189        0xd assert.o
                                         0x57 (size before relaxing)
 .debug_line_str
                0x0000000000000196        0xf vsprintf.o
                                         0xc9 (size before relaxing)
 .debug_line_str
                0x00000000000001a5        0xd printf.o
                                         0xd5 (size before relaxing)

.debug_info     0x0000000000000000     0x2b47
 .debug_info    0x0000000000000000       0x28 entry.o
 .debug_info    0x0000000000000028       0x29 kerneltrap.o
 .debug_info    0x0000000000000051       0x28 switch.o
 .debug_info    0x0000000000000079      0x295 sbi.o
 .debug_info    0x000000000000030e       0xe5 main.o
 .debug_info    0x00000000000003f3      0x216 printk.o
 .debug_info    0x0000000000000609      0x33a trap.o
 .debug_info    0x0000000000000943      0x1e8 syscall.o
 .debug_info    0x0000000000000b2b      0x186 string.o
 .debug_info    0x0000000000000cb1      0x2f6 app.o
 .debug_info    0x0000000000000fa7      0x58a task.o
 .debug_info    0x0000000000001531      0x1f9 timer.o
 .debug_info    0x000000000000172a      0x221 stack.o
 .debug_info    0x000000000000194b      0xcdb address.o
 .debug_info    0x0000000000002626      0x10f assert.o
 .debug_info    0x0000000000002735      0x233 vsprintf.o
 .debug_info    0x0000000000002968      0x1df printf.o

.debug_abbrev   0x0000000000000000     0x1265
 .debug_abbrev  0x0000000000000000       0x14 entry.o
 .debug_abbrev  0x0000000000000014       0x14 kerneltrap.o
 .debug_abbrev  0x0000000000000028       0x14 switch.o
 .debug_abbrev  0x000000000000003c       0xf7 sbi.o
 .debug_abbrev  0x0000000000000133       0x88 main.o
 .debug_abbrev  0x00000000000001bb      0x15a printk.o
 .debug_abbrev  0x0000000000000315      0x163 trap.o
 .debug_abbrev  0x0000000000000478      0x154 syscall.o
 .debug_abbrev  0x00000000000005cc       0xab string.o
 .debug_abbrev  0x0000000000000677      0x188 app.o
 .debug_abbrev  0x00000000000007ff      0x1e1 task.o
 .debug_abbrev  0x00000000000009e0      0x122 timer.o
 .debug_abbrev  0x0000000000000b02      0x143 stack.o
 .debug_abbrev  0x0000000000000c45      0x39c address.o
 .debug_abbrev  0x0000000000000fe1       0xb8 assert.o
 .debug_abbrev  0x0000000000001099       0xbb vsprintf.o
 .debug_abbrev  0x0000000000001154      0x111 printf.o

.debug_aranges  0x0000000000000000      0x330
 .debug_aranges
                0x0000000000000000       0x30 entry.o
 .debug_aranges
                0x0000000000000030       0x30 kerneltrap.o
 .debug_aranges
                0x0000000000000060       0x30 switch.o
 .debug_aranges
                0x0000000000000090       0x30 sbi.o
 .debug_aranges
                0x00000000000000c0       0x30 main.o
 .debug_aranges
                0x00000000000000f0       0x30 printk.o
 .debug_aranges
                0x0000000000000120       0x30 trap.o
 .debug_aranges
                0x0000000000000150       0x30 syscall.o
 .debug_aranges
                0x0000000000000180       0x30 string.o
 .debug_aranges
                0x00000000000001b0       0x30 app.o
 .debug_aranges
                0x00000000000001e0       0x30 task.o
 .debug_aranges
                0x0000000000000210       0x30 timer.o
 .debug_aranges
                0x0000000000000240       0x30 stack.o
 .debug_aranges
                0x0000000000000270       0x30 address.o
 .debug_aranges
                0x00000000000002a0       0x30 assert.o
 .debug_aranges
                0x00000000000002d0       0x30 vsprintf.o
 .debug_aranges
                0x0000000000000300       0x30 printf.o

.debug_str      0x0000000000000000      0x9d0
 .debug_str     0x0000000000000000       0x34 entry.o
 .debug_str     0x0000000000000034       0x11 kerneltrap.o
                                         0x39 (size before relaxing)
 .debug_str     0x0000000000000045        0xd switch.o
                                         0x35 (size before relaxing)
 .debug_str     0x0000000000000052      0x2a9 sbi.o
                                        0x2d7 (size before relaxing)
 .debug_str     0x00000000000002fb       0x41 main.o
                                        0x12a (size before relaxing)
 .debug_str     0x000000000000033c       0x4d printk.o
                                        0x160 (size before relaxing)
 .debug_str     0x0000000000000389       0x6f trap.o
                                        0x188 (size before relaxing)
 .debug_str     0x00000000000003f8       0x5f syscall.o
                                        0x18d (size before relaxing)
 .debug_str     0x0000000000000457       0x20 string.o
                                        0x110 (size before relaxing)
 .debug_str     0x0000000000000477       0x4f app.o
                                        0x195 (size before relaxing)
 .debug_str     0x00000000000004c6      0x125 task.o
                                        0x258 (size before relaxing)
 .debug_str     0x00000000000005eb       0x1f timer.o
                                        0x15e (size before relaxing)
 .debug_str     0x000000000000060a       0x2a stack.o
                                        0x134 (size before relaxing)
 .debug_str     0x0000000000000634      0x36a address.o
                                        0x51b (size before relaxing)
 .debug_str     0x000000000000099e       0x19 assert.o
                                         0xf8 (size before relaxing)
 .debug_str     0x00000000000009b7       0x19 vsprintf.o
                                        0x144 (size before relaxing)
 .debug_str     0x00000000000009d0       0x19 printf.o
                                        0x16b (size before relaxing)

.debug_frame    0x0000000000000000     0x1150
 .debug_frame   0x0000000000000000       0xa0 sbi.o
 .debug_frame   0x00000000000000a0       0x38 main.o
 .debug_frame   0x00000000000000d8       0xc8 printk.o
 .debug_frame   0x00000000000001a0       0xd0 trap.o
 .debug_frame   0x0000000000000270       0xd0 syscall.o
 .debug_frame   0x0000000000000340       0xa0 string.o
 .debug_frame   0x00000000000003e0      0x178 app.o
 .debug_frame   0x0000000000000558      0x140 task.o
 .debug_frame   0x0000000000000698      0x190 timer.o
 .debug_frame   0x0000000000000828      0x130 stack.o
 .debug_frame   0x0000000000000958      0x6e0 address.o
 .debug_frame   0x0000000000001038       0x68 assert.o
 .debug_frame   0x00000000000010a0       0x40 vsprintf.o
 .debug_frame   0x00000000000010e0       0x70 printf.o

.debug_rnglists
                0x0000000000000000       0x52
 .debug_rnglists
                0x0000000000000000       0x52 address.o
