
Memory Configuration

Name             Origin             Length             Attributes
ram              0x0000000080200000 0x0000000008000000 axrl!w
*default*        0x0000000000000000 0xffffffffffffffff

Linker script and memory map

LOAD entry.o
LOAD kerneltrap.o
LOAD switch.o
LOAD sbi.o
LOAD main.o
LOAD printf.o
LOAD trap.o
LOAD syscall.o
LOAD string.o
LOAD app.o
LOAD task.o
LOAD timer.o

.text           0x0000000080200000     0x1016
 *(.text .text.*)
 .text          0x0000000080200000        0x0 entry.o
 .text.entry    0x0000000080200000        0xc entry.o
                0x0000000080200000                _start
 *fill*         0x000000008020000c        0x4 
 .text          0x0000000080200010       0xbe kerneltrap.o
                0x0000000080200010                __alltraps
                0x0000000080200070                __restore
 .text          0x00000000802000ce       0x6a switch.o
                0x00000000802000ce                __switch
 .text          0x0000000080200138       0xe4 sbi.o
                0x0000000080200138                sbi_ecall
                0x00000000802001bc                sbi_console_putchar
                0x00000000802001ea                sbi_set_timer
 .text          0x000000008020021c       0x2e main.o
                0x000000008020021c                os_main
 .text          0x000000008020024a      0x572 printf.o
                0x000000008020024a                uart_puts
                0x0000000080200736                printf
                0x000000008020078e                panic
 .text          0x00000000802007bc      0x10c trap.o
                0x00000000802007f0                trap_handler
                0x00000000802008a8                trap_init
 .text          0x00000000802008c8       0xf4 syscall.o
                0x00000000802008c8                __sys_write
                0x0000000080200906                __sys_yield
                0x000000008020091c                __sys_gettime
                0x0000000080200934                __SYSCALL
 .text          0x00000000802009bc       0x92 string.o
                0x00000000802009bc                strlen
                0x00000000802009f8                memcpy
 .text          0x0000000080200a4e      0x190 app.o
                0x0000000080200a4e                syscall
                0x0000000080200a92                sys_wirte
                0x0000000080200ac8                sys_yield
                0x0000000080200aea                sys_gettime
                0x0000000080200b0c                task1
                0x0000000080200b40                task2
                0x0000000080200b74                task3
                0x0000000080200ba8                task_init
 .text          0x0000000080200bde      0x318 task.o
                0x0000000080200c12                tcx_init
                0x0000000080200c8a                task_create
                0x0000000080200dae                schedule
                0x0000000080200eb2                run_first_task
 .text          0x0000000080200ef6      0x120 timer.o
                0x0000000080200f78                set_next_trigger
                0x0000000080200f9e                timer_init
                0x0000000080200fec                get_time_us

.rodata         0x0000000080201018      0x1bf
 *(.rodata .rodata.*)
 .rodata        0x0000000080201018       0x11 main.o
 *fill*         0x0000000080201029        0x7 
 .rodata        0x0000000080201030       0x8a printf.o
 *fill*         0x00000000802010ba        0x6 
 .rodata        0x00000000802010c0       0x3e trap.o
 *fill*         0x00000000802010fe        0x2 
 .rodata        0x0000000080201100       0x3b syscall.o
 *fill*         0x000000008020113b        0x5 
 .rodata        0x0000000080201140       0x43 app.o
 *fill*         0x0000000080201183        0x5 
 .rodata        0x0000000080201188       0x4f task.o

.data           0x00000000802011d7      0xe29
                0x0000000080202000                . = ALIGN (0x1000)
 *fill*         0x00000000802011d7      0xe29 
 *(.sdata .sdata.*)
 *(.data .data.*)
 .data          0x0000000080202000        0x0 entry.o
 .data          0x0000000080202000        0x0 kerneltrap.o
 .data          0x0000000080202000        0x0 switch.o
 .data          0x0000000080202000        0x0 sbi.o
 .data          0x0000000080202000        0x0 main.o
 .data          0x0000000080202000        0x0 printf.o
 .data          0x0000000080202000        0x0 trap.o
 .data          0x0000000080202000        0x0 syscall.o
 .data          0x0000000080202000        0x0 string.o
 .data          0x0000000080202000        0x0 app.o
 .data          0x0000000080202000        0x0 task.o
 .data          0x0000000080202000        0x0 timer.o
                [!provide]                        PROVIDE (_data_end = .)

.bss            0x0000000080202000    0x388a0
 *(.sbss .sbss.*)
 *(.bss .bss.*)
 .bss           0x0000000080202000        0x0 entry.o
 .bss.stack     0x0000000080202000    0x10000 entry.o
                0x0000000080202000                boot_stack_lower_bound
                0x0000000080212000                boot_stack_top
 .bss           0x0000000080212000        0x0 kerneltrap.o
 .bss           0x0000000080212000        0x0 switch.o
 .bss           0x0000000080212000        0x0 sbi.o
 .bss           0x0000000080212000        0x0 main.o
 .bss           0x0000000080212000      0x3e8 printf.o
 .bss           0x00000000802123e8        0x0 trap.o
 .bss           0x00000000802123e8        0x0 syscall.o
 .bss           0x00000000802123e8        0x0 string.o
 .bss           0x00000000802123e8        0x0 app.o
 .bss           0x00000000802123e8    0x284b8 task.o
                0x00000000802123e8                KernelStack
                0x00000000802263e8                UserStack
                0x000000008023a3e8                tasks
 .bss           0x000000008023a8a0        0x0 timer.o
 *(COMMON)
OUTPUT(os.elf elf64-littleriscv)

.riscv.attributes
                0x0000000000000000       0x42
 .riscv.attributes
                0x0000000000000000       0x3c entry.o
 .riscv.attributes
                0x000000000000003c       0x40 kerneltrap.o
 .riscv.attributes
                0x000000000000007c       0x3c switch.o
 .riscv.attributes
                0x00000000000000b8       0x3e sbi.o
 .riscv.attributes
                0x00000000000000f6       0x3e main.o
 .riscv.attributes
                0x0000000000000134       0x3e printf.o
 .riscv.attributes
                0x0000000000000172       0x42 trap.o
 .riscv.attributes
                0x00000000000001b4       0x3e syscall.o
 .riscv.attributes
                0x00000000000001f2       0x3e string.o
 .riscv.attributes
                0x0000000000000230       0x3e app.o
 .riscv.attributes
                0x000000000000026e       0x42 task.o
 .riscv.attributes
                0x00000000000002b0       0x42 timer.o

.comment        0x0000000000000000       0x1b
 .comment       0x0000000000000000       0x1b sbi.o
                                         0x1c (size before relaxing)
 .comment       0x000000000000001b       0x1c main.o
 .comment       0x000000000000001b       0x1c printf.o
 .comment       0x000000000000001b       0x1c trap.o
 .comment       0x000000000000001b       0x1c syscall.o
 .comment       0x000000000000001b       0x1c string.o
 .comment       0x000000000000001b       0x1c app.o
 .comment       0x000000000000001b       0x1c task.o
 .comment       0x000000000000001b       0x1c timer.o
