
Memory Configuration

Name             Origin             Length             Attributes
ram              0x0000000080200000 0x0000000008000000 axrl!w
*default*        0x0000000000000000 0xffffffffffffffff

Linker script and memory map

LOAD entry.o
LOAD kerneltrap.o
LOAD switch.o
LOAD link_app.o
LOAD sbi.o
LOAD main.o
LOAD printk.o
LOAD trap.o
LOAD syscall.o
LOAD string.o
LOAD app.o
LOAD timer.o
LOAD stack.o
LOAD address.o
LOAD task.o
LOAD assert.o
LOAD vsprintf.o
LOAD printf.o
LOAD loader.o
                0x0000000080200000                BASE_ADDRESS = 0x80200000
                0x0000000000000000                skernel = .

.text           0x0000000080200000     0x5000
 *(.text.entry)
 .text.entry    0x0000000080200000        0xc entry.o
                0x0000000080200000                _start
                0x0000000080201000                . = ALIGN (0x1000)
 *fill*         0x000000008020000c      0xff4 
                0x0000000080201000                trampoline = .
 *(.text.trampoline)
 .text.trampoline
                0x0000000080201000       0xca kerneltrap.o
                0x0000000080201000                __alltraps
                0x0000000080201068                __restore
                0x0000000080202000                . = ALIGN (0x1000)
 *fill*         0x00000000802010ca      0xf36 
                0x0000000080202000                _strampoline = .
 *(.text .text.*)
 .text          0x0000000080202000        0x0 entry.o
 .text          0x0000000080202000        0x0 kerneltrap.o
 .text          0x0000000080202000       0x6a switch.o
                0x0000000080202000                __switch
 *fill*         0x000000008020206a        0x6 
 .text          0x0000000080202070        0x2 link_app.o
 .text          0x0000000080202072      0x11c sbi.o
                0x0000000080202072                sbi_ecall
                0x00000000802020f6                sbi_console_putchar
                0x0000000080202124                sbi_console_getchar
                0x000000008020215c                sbi_set_timer
 .text          0x000000008020218e       0x4e main.o
                0x000000008020218e                os_main
 .text          0x00000000802021dc      0x142 printk.o
                0x00000000802021dc                uart_puts
                0x0000000080202298                printk
                0x00000000802022f0                panic
 .text          0x000000008020231e      0x1b6 trap.o
                0x0000000080202352                trap_from_kernel
                0x0000000080202370                set_kernel_trap_entry
                0x0000000080202390                set_user_trap_entry
                0x00000000802023b0                trap_handler
                0x0000000080202472                trap_return
 .text          0x00000000802024d4      0x274 syscall.o
                0x00000000802024d4                translated_byte_buffer
                0x000000008020257e                __sys_write
                0x00000000802025e0                __sys_read
                0x000000008020266a                __sys_yield
                0x0000000080202680                __sys_gettime
                0x0000000080202698                __SYSCALL
 .text          0x0000000080202748       0xe2 string.o
                0x0000000080202748                strlen
                0x0000000080202784                memcpy
                0x00000000802027da                memset
 .text          0x000000008020282a      0x10a app.o
                0x000000008020282a                syscall
                0x000000008020285e                sys_write
                0x0000000080202894                sys_yield
                0x00000000802028b6                sys_gettime
                0x00000000802028d8                sys_read
                0x0000000080202910                getchar
 .text          0x0000000080202934      0x120 timer.o
                0x00000000802029b6                set_next_trigger
                0x00000000802029dc                timer_init
                0x0000000080202a2a                get_time_us
 .text          0x0000000080202a54      0x18e stack.o
                0x0000000080202a54                initStack
                0x0000000080202a74                isEmpty
                0x0000000080202aa2                isFull
                0x0000000080202ad4                push
                0x0000000080202b3e                pop
                0x0000000080202b9a                top
 .text          0x0000000080202be2      0x9b6 address.o
                0x0000000080202c28                phys_addr_from_size_t
                0x0000000080202c4c                phys_page_num_from_size_t
                0x0000000080202c70                size_t_from_phys_addr
                0x0000000080202c86                size_t_from_phys_page_num
                0x0000000080202c9c                phys_addr_from_phys_page_num
                0x0000000080202cbc                virt_addr_from_size_t
                0x0000000080202ce0                virt_page_num_from_size_t
                0x0000000080202d06                size_t_from_virt_addr
                0x0000000080202d34                size_t_from_virt_page_num
                0x0000000080202d4a                floor_phys
                0x0000000080202d6a                ceil_phys
                0x0000000080202d90                floor_virts
                0x0000000080202db0                virt_page_num_from_virt_addr
                0x0000000080202dd0                PageTableEntry_new
                0x0000000080202dfe                PageTableEntry_empty
                0x0000000080202e14                PageTableEntry_ppn
                0x0000000080202e3e                PageTableEntry_flags
                0x0000000080202e5a                PageTableEntry_is_valid
                0x0000000080202e90                get_bytes_array
                0x0000000080202eb8                get_pte_array
                0x0000000080202ee0                StackFrameAllocator_new
                0x0000000080202f12                StackFrameAllocator_init
                0x0000000080202f40                StackFrameAllocator_alloc
                0x0000000080202fc4                StackFrameAllocator_dealloc
                0x0000000080203066                frame_alloctor_init
                0x00000000802030c6                indexes
                0x0000000080203154                find_pte_create
                0x000000008020321e                kalloc
                0x0000000080203246                find_pte
                0x00000000802032f0                PageTable_map
                0x00000000802033de                PageTable_unmap
                0x0000000080203448                kvmmake
                0x000000008020352a                kvminit
                0x0000000080203566                kvminithart
 .text          0x0000000080203598      0x5ba task.o
                0x00000000802035cc                tcx_init
                0x0000000080203644                proc_mapstacks
                0x0000000080203726                proc_trap
                0x0000000080203764                proc_pagetable
                0x00000000802037ee                task_create_pt
                0x000000008020387e                app_init
                0x00000000802039ac                get_current_trap_cx
                0x00000000802039d8                current_user_token
                0x0000000080203a0a                schedule
                0x0000000080203b0e                run_first_task
 .text          0x0000000080203b52       0x6c assert.o
                0x0000000080203b70                assertion_failure
 .text          0x0000000080203bbe      0x430 vsprintf.o
                0x0000000080203bbe                _vsnprintf
 .text          0x0000000080203fee       0xc2 printf.o
                0x0000000080204058                printf
 .text          0x00000000802040b0      0x3a2 loader.o
                0x00000000802040b0                get_num_app
                0x00000000802040c8                get_app_data
                0x0000000080204204                load_app
                0x0000000080205000                . = ALIGN (0x1000)
 *fill*         0x0000000080204452      0xbae 
                0x0000000080205000                PROVIDE (etext = .)

.rodata         0x0000000080205000     0x1000
 *(.rodata .rodata.*)
 .rodata        0x0000000080205000       0x11 main.o
 *fill*         0x0000000080205011        0x7 
 .rodata        0x0000000080205018       0x32 printk.o
 *fill*         0x000000008020504a        0x6 
 .rodata        0x0000000080205050       0x56 trap.o
 *fill*         0x00000000802050a6        0x2 
 .rodata        0x00000000802050a8       0x63 syscall.o
 *fill*         0x000000008020510b        0x5 
 .rodata        0x0000000080205110       0x38 stack.o
 .rodata        0x0000000080205148       0x66 address.o
 *fill*         0x00000000802051ae        0x2 
 .rodata        0x00000000802051b0       0x60 task.o
 .rodata        0x0000000080205210       0x74 assert.o
 .rodata        0x0000000080205284       0x58 vsprintf.o
 *fill*         0x00000000802052dc        0x4 
 .rodata        0x00000000802052e0       0x63 loader.o
                0x0000000080206000                . = ALIGN (0x1000)
 *fill*         0x0000000080205343      0xcbd 

.rela.dyn       0x0000000080206000        0x0
 .rela.text     0x0000000080206000        0x0 entry.o

.data           0x0000000080206000     0x5000
 *(.sdata .sdata.*)
 *(.data .data.*)
 .data          0x0000000080206000        0x0 entry.o
 .data          0x0000000080206000        0x0 kerneltrap.o
 .data          0x0000000080206000        0x0 switch.o
 .data          0x0000000080206000     0x4df0 link_app.o
                0x0000000080206000                _num_app
                0x0000000080206020                app_0_start
                0x00000000802086f8                app_0_end
                0x00000000802086f8                app_1_start
                0x000000008020adf0                app_1_end
 .data          0x000000008020adf0        0x0 sbi.o
 .data          0x000000008020adf0        0x0 main.o
 .data          0x000000008020adf0        0x0 printk.o
 .data          0x000000008020adf0        0x0 trap.o
 .data          0x000000008020adf0        0x0 syscall.o
 .data          0x000000008020adf0        0x0 string.o
 .data          0x000000008020adf0        0x0 app.o
 .data          0x000000008020adf0        0x0 timer.o
 .data          0x000000008020adf0        0x0 stack.o
 .data          0x000000008020adf0        0x0 address.o
 .data          0x000000008020adf0        0x0 task.o
 .data          0x000000008020adf0        0x0 assert.o
 .data          0x000000008020adf0        0x0 vsprintf.o
 .data          0x000000008020adf0        0x0 printf.o
 .data          0x000000008020adf0        0x0 loader.o
                0x000000008020b000                . = ALIGN (0x1000)
 *fill*         0x000000008020adf0      0x210 
                [!provide]                        PROVIDE (_data_end = .)

.bss            0x000000008020b000    0x4d000
 *(.sbss .sbss.*)
 .sbss          0x000000008020b000       0x10 address.o
                0x000000008020b000                kernel_pagetable
                0x000000008020b008                kernel_satp
 *(.bss .bss.*)
 .bss           0x000000008020b010        0x0 entry.o
 .bss.stack     0x000000008020b010    0x10000 entry.o
                0x000000008020b010                boot_stack_lower_bound
                0x000000008021b010                boot_stack_top
 .bss           0x000000008021b010        0x0 kerneltrap.o
 .bss           0x000000008021b010        0x0 switch.o
 .bss           0x000000008021b010        0x0 link_app.o
 .bss           0x000000008021b010        0x0 sbi.o
 .bss           0x000000008021b010        0x0 main.o
 .bss           0x000000008021b010      0x3e8 printk.o
 .bss           0x000000008021b3f8        0x0 trap.o
 .bss           0x000000008021b3f8        0x0 syscall.o
 .bss           0x000000008021b3f8        0x0 string.o
 .bss           0x000000008021b3f8        0x0 app.o
 .bss           0x000000008021b3f8        0x0 timer.o
 .bss           0x000000008021b3f8        0x0 stack.o
 .bss           0x000000008021b3f8    0x13898 address.o
                0x000000008021b3f8                FrameAllocatorImpl
 .bss           0x000000008022ec90    0x28698 task.o
                0x000000008022ec90                KernelStack
                0x0000000080242c90                UserStack
                0x0000000080256c90                tasks
 .bss           0x0000000080257328        0x0 assert.o
 .bss           0x0000000080257328        0x0 vsprintf.o
 .bss           0x0000000080257328      0x3e8 printf.o
 .bss           0x0000000080257710        0x0 loader.o
 *(COMMON)
                0x0000000080258000                . = ALIGN (0x1000)
 *fill*         0x0000000080257710      0x8f0 
                0x0000000080258000                PROVIDE (kernelend = .)
OUTPUT(os.elf elf64-littleriscv)

.riscv.attributes
                0x0000000000000000       0x42
 .riscv.attributes
                0x0000000000000000       0x3c entry.o
 .riscv.attributes
                0x000000000000003c       0x40 kerneltrap.o
 .riscv.attributes
                0x000000000000007c       0x3c switch.o
 .riscv.attributes
                0x00000000000000b8       0x3c link_app.o
 .riscv.attributes
                0x00000000000000f4       0x3e sbi.o
 .riscv.attributes
                0x0000000000000132       0x3e main.o
 .riscv.attributes
                0x0000000000000170       0x3e printk.o
 .riscv.attributes
                0x00000000000001ae       0x42 trap.o
 .riscv.attributes
                0x00000000000001f0       0x3e syscall.o
 .riscv.attributes
                0x000000000000022e       0x3e string.o
 .riscv.attributes
                0x000000000000026c       0x3e app.o
 .riscv.attributes
                0x00000000000002aa       0x42 timer.o
 .riscv.attributes
                0x00000000000002ec       0x3e stack.o
 .riscv.attributes
                0x000000000000032a       0x42 address.o
 .riscv.attributes
                0x000000000000036c       0x42 task.o
 .riscv.attributes
                0x00000000000003ae       0x3e assert.o
 .riscv.attributes
                0x00000000000003ec       0x3e vsprintf.o
 .riscv.attributes
                0x000000000000042a       0x3e printf.o
 .riscv.attributes
                0x0000000000000468       0x3e loader.o

.comment        0x0000000000000000       0x1b
 .comment       0x0000000000000000       0x1b sbi.o
                                         0x1c (size before relaxing)
 .comment       0x000000000000001b       0x1c main.o
 .comment       0x000000000000001b       0x1c printk.o
 .comment       0x000000000000001b       0x1c trap.o
 .comment       0x000000000000001b       0x1c syscall.o
 .comment       0x000000000000001b       0x1c string.o
 .comment       0x000000000000001b       0x1c app.o
 .comment       0x000000000000001b       0x1c timer.o
 .comment       0x000000000000001b       0x1c stack.o
 .comment       0x000000000000001b       0x1c address.o
 .comment       0x000000000000001b       0x1c task.o
 .comment       0x000000000000001b       0x1c assert.o
 .comment       0x000000000000001b       0x1c vsprintf.o
 .comment       0x000000000000001b       0x1c printf.o
 .comment       0x000000000000001b       0x1c loader.o

.debug_line     0x0000000000000000     0x2598
 .debug_line    0x0000000000000000       0x52 entry.o
 .debug_line    0x0000000000000052      0x238 kerneltrap.o
 .debug_line    0x000000000000028a       0x72 switch.o
 .debug_line    0x00000000000002fc      0x100 sbi.o
 .debug_line    0x00000000000003fc       0xbc main.o
 .debug_line    0x00000000000004b8      0x141 printk.o
 .debug_line    0x00000000000005f9      0x1f1 trap.o
 .debug_line    0x00000000000007ea      0x1fe syscall.o
 .debug_line    0x00000000000009e8      0x11f string.o
 .debug_line    0x0000000000000b07      0x104 app.o
 .debug_line    0x0000000000000c0b      0x16e timer.o
 .debug_line    0x0000000000000d79      0x18f stack.o
 .debug_line    0x0000000000000f08      0x93a address.o
 .debug_line    0x0000000000001842      0x3ce task.o
 .debug_line    0x0000000000001c10       0x80 assert.o
 .debug_line    0x0000000000001c90      0x4e8 vsprintf.o
 .debug_line    0x0000000000002178       0xd0 printf.o
 .debug_line    0x0000000000002248      0x350 loader.o

.debug_line_str
                0x0000000000000000      0x1c8
 .debug_line_str
                0x0000000000000000       0x26 entry.o
 .debug_line_str
                0x0000000000000026        0xd kerneltrap.o
                                         0x2b (size before relaxing)
 .debug_line_str
                0x0000000000000033        0x9 switch.o
                                         0x27 (size before relaxing)
 .debug_line_str
                0x000000000000003c       0x2a sbi.o
                                         0x6e (size before relaxing)
 .debug_line_str
                0x0000000000000066       0x32 main.o
                                         0x92 (size before relaxing)
 .debug_line_str
                0x0000000000000098       0x5f printk.o
                                         0xcb (size before relaxing)
 .debug_line_str
                0x00000000000000f7       0x27 trap.o
                                         0x9b (size before relaxing)
 .debug_line_str
                0x000000000000011e       0x17 syscall.o
                                         0x9b (size before relaxing)
 .debug_line_str
                0x0000000000000135       0x11 string.o
                                         0x71 (size before relaxing)
 .debug_line_str
                0x0000000000000146        0xa app.o
                                         0x70 (size before relaxing)
 .debug_line_str
                0x0000000000000150        0xc timer.o
                                         0x7b (size before relaxing)
 .debug_line_str
                0x000000000000015c       0x14 stack.o
                                         0x7e (size before relaxing)
 .debug_line_str
                0x0000000000000170       0x17 address.o
                                         0xaf (size before relaxing)
 .debug_line_str
                0x0000000000000187        0xb task.o
                                         0xa4 (size before relaxing)
 .debug_line_str
                0x0000000000000192        0xd assert.o
                                         0x57 (size before relaxing)
 .debug_line_str
                0x000000000000019f        0xf vsprintf.o
                                         0xc9 (size before relaxing)
 .debug_line_str
                0x00000000000001ae        0xd printf.o
                                         0xd5 (size before relaxing)
 .debug_line_str
                0x00000000000001bb        0xd loader.o
                                         0xaf (size before relaxing)

.debug_info     0x0000000000000000     0x3950
 .debug_info    0x0000000000000000       0x28 entry.o
 .debug_info    0x0000000000000028       0x29 kerneltrap.o
 .debug_info    0x0000000000000051       0x28 switch.o
 .debug_info    0x0000000000000079      0x2b8 sbi.o
 .debug_info    0x0000000000000331      0x133 main.o
 .debug_info    0x0000000000000464      0x216 printk.o
 .debug_info    0x000000000000067a      0x420 trap.o
 .debug_info    0x0000000000000a9a      0x49d syscall.o
 .debug_info    0x0000000000000f37      0x186 string.o
 .debug_info    0x00000000000010bd      0x260 app.o
 .debug_info    0x000000000000131d      0x1f9 timer.o
 .debug_info    0x0000000000001516      0x221 stack.o
 .debug_info    0x0000000000001737      0xd3d address.o
 .debug_info    0x0000000000002474      0x875 task.o
 .debug_info    0x0000000000002ce9      0x10f assert.o
 .debug_info    0x0000000000002df8      0x233 vsprintf.o
 .debug_info    0x000000000000302b      0x1df printf.o
 .debug_info    0x000000000000320a      0x746 loader.o

.debug_abbrev   0x0000000000000000     0x158c
 .debug_abbrev  0x0000000000000000       0x14 entry.o
 .debug_abbrev  0x0000000000000014       0x14 kerneltrap.o
 .debug_abbrev  0x0000000000000028       0x14 switch.o
 .debug_abbrev  0x000000000000003c      0x114 sbi.o
 .debug_abbrev  0x0000000000000150       0xac main.o
 .debug_abbrev  0x00000000000001fc      0x15a printk.o
 .debug_abbrev  0x0000000000000356      0x19f trap.o
 .debug_abbrev  0x00000000000004f5      0x1d3 syscall.o
 .debug_abbrev  0x00000000000006c8       0xab string.o
 .debug_abbrev  0x0000000000000773      0x132 app.o
 .debug_abbrev  0x00000000000008a5      0x122 timer.o
 .debug_abbrev  0x00000000000009c7      0x143 stack.o
 .debug_abbrev  0x0000000000000b0a      0x39f address.o
 .debug_abbrev  0x0000000000000ea9      0x27e task.o
 .debug_abbrev  0x0000000000001127       0xb8 assert.o
 .debug_abbrev  0x00000000000011df       0xbb vsprintf.o
 .debug_abbrev  0x000000000000129a      0x111 printf.o
 .debug_abbrev  0x00000000000013ab      0x1e1 loader.o

.debug_aranges  0x0000000000000000      0x360
 .debug_aranges
                0x0000000000000000       0x30 entry.o
 .debug_aranges
                0x0000000000000030       0x30 kerneltrap.o
 .debug_aranges
                0x0000000000000060       0x30 switch.o
 .debug_aranges
                0x0000000000000090       0x30 sbi.o
 .debug_aranges
                0x00000000000000c0       0x30 main.o
 .debug_aranges
                0x00000000000000f0       0x30 printk.o
 .debug_aranges
                0x0000000000000120       0x30 trap.o
 .debug_aranges
                0x0000000000000150       0x30 syscall.o
 .debug_aranges
                0x0000000000000180       0x30 string.o
 .debug_aranges
                0x00000000000001b0       0x30 app.o
 .debug_aranges
                0x00000000000001e0       0x30 timer.o
 .debug_aranges
                0x0000000000000210       0x30 stack.o
 .debug_aranges
                0x0000000000000240       0x30 address.o
 .debug_aranges
                0x0000000000000270       0x30 task.o
 .debug_aranges
                0x00000000000002a0       0x30 assert.o
 .debug_aranges
                0x00000000000002d0       0x30 vsprintf.o
 .debug_aranges
                0x0000000000000300       0x30 printf.o
 .debug_aranges
                0x0000000000000330       0x30 loader.o

.debug_str      0x0000000000000000      0xc3c
 .debug_str     0x0000000000000000       0x34 entry.o
 .debug_str     0x0000000000000034       0x11 kerneltrap.o
                                         0x39 (size before relaxing)
 .debug_str     0x0000000000000045        0xd switch.o
                                         0x35 (size before relaxing)
 .debug_str     0x0000000000000052      0x2a3 sbi.o
                                        0x2d1 (size before relaxing)
 .debug_str     0x00000000000002f5       0x93 main.o
                                        0x169 (size before relaxing)
 .debug_str     0x0000000000000388       0x4d printk.o
                                        0x160 (size before relaxing)
 .debug_str     0x00000000000003d5      0x108 trap.o
                                        0x233 (size before relaxing)
 .debug_str     0x00000000000004dd      0x131 syscall.o
                                        0x29b (size before relaxing)
 .debug_str     0x000000000000060e       0x20 string.o
                                        0x110 (size before relaxing)
 .debug_str     0x000000000000062e        0x8 app.o
                                        0x173 (size before relaxing)
 .debug_str     0x0000000000000636       0x28 timer.o
                                        0x15e (size before relaxing)
 .debug_str     0x000000000000065e       0x24 stack.o
                                        0x134 (size before relaxing)
 .debug_str     0x0000000000000682      0x302 address.o
                                        0x548 (size before relaxing)
 .debug_str     0x0000000000000984      0x137 task.o
                                        0x3b5 (size before relaxing)
 .debug_str     0x0000000000000abb       0x14 assert.o
                                         0xf8 (size before relaxing)
 .debug_str     0x0000000000000acf       0x19 vsprintf.o
                                        0x144 (size before relaxing)
 .debug_str     0x0000000000000ae8       0x19 printf.o
                                        0x16b (size before relaxing)
 .debug_str     0x0000000000000ae8      0x154 loader.o
                                        0x3e8 (size before relaxing)

.debug_frame    0x0000000000000000     0x1478
 .debug_frame   0x0000000000000000       0xd0 sbi.o
 .debug_frame   0x00000000000000d0       0x40 main.o
 .debug_frame   0x0000000000000110       0xc8 printk.o
 .debug_frame   0x00000000000001d8      0x160 trap.o
 .debug_frame   0x0000000000000338      0x130 syscall.o
 .debug_frame   0x0000000000000468       0xa0 string.o
 .debug_frame   0x0000000000000508      0x130 app.o
 .debug_frame   0x0000000000000638      0x190 timer.o
 .debug_frame   0x00000000000007c8      0x130 stack.o
 .debug_frame   0x00000000000008f8      0x710 address.o
 .debug_frame   0x0000000000001008      0x270 task.o
 .debug_frame   0x0000000000001278       0x68 assert.o
 .debug_frame   0x00000000000012e0       0x40 vsprintf.o
 .debug_frame   0x0000000000001320       0x70 printf.o
 .debug_frame   0x0000000000001390       0xe8 loader.o

.debug_rnglists
                0x0000000000000000       0x81
 .debug_rnglists
                0x0000000000000000       0x2f syscall.o
 .debug_rnglists
                0x000000000000002f       0x52 address.o
