
Memory Configuration

Name             Origin             Length             Attributes
ram              0x0000000080200000 0x0000000008000000 axrl!w
*default*        0x0000000000000000 0xffffffffffffffff

Linker script and memory map

LOAD entry.o
LOAD kerneltrap.o
LOAD switch.o
LOAD link_app.o
LOAD sbi.o
LOAD main.o
LOAD printk.o
LOAD trap.o
LOAD syscall.o
LOAD string.o
LOAD app.o
LOAD timer.o
LOAD stack.o
LOAD address.o
LOAD task.o
LOAD assert.o
LOAD vsprintf.o
LOAD printf.o
LOAD loader.o
                0x0000000080200000                BASE_ADDRESS = 0x80200000
                0x0000000000000000                skernel = .

.text           0x0000000080200000     0x5000
 *(.text.entry)
 .text.entry    0x0000000080200000        0xc entry.o
                0x0000000080200000                _start
                0x0000000080201000                . = ALIGN (0x1000)
 *fill*         0x000000008020000c      0xff4 
                0x0000000080201000                trampoline = .
 *(.text.trampoline)
 .text.trampoline
                0x0000000080201000       0xca kerneltrap.o
                0x0000000080201000                __alltraps
                0x0000000080201068                __restore
                0x0000000080202000                . = ALIGN (0x1000)
 *fill*         0x00000000802010ca      0xf36 
                0x0000000080202000                _strampoline = .
 *(.text .text.*)
 .text          0x0000000080202000        0x0 entry.o
 .text          0x0000000080202000        0x0 kerneltrap.o
 .text          0x0000000080202000       0x6a switch.o
                0x0000000080202000                __switch
 *fill*         0x000000008020206a        0x6 
 .text          0x0000000080202070        0x2 link_app.o
 .text          0x0000000080202072      0x11c sbi.o
                0x0000000080202072                sbi_ecall
                0x00000000802020f6                sbi_console_putchar
                0x0000000080202124                sbi_console_getchar
                0x000000008020215c                sbi_set_timer
 .text          0x000000008020218e       0x52 main.o
                0x000000008020218e                os_main
 .text          0x00000000802021e0      0x142 printk.o
                0x00000000802021e0                uart_puts
                0x000000008020229c                printk
                0x00000000802022f4                panic
 .text          0x0000000080202322      0x1b6 trap.o
                0x0000000080202356                trap_from_kernel
                0x0000000080202374                set_kernel_trap_entry
                0x0000000080202394                set_user_trap_entry
                0x00000000802023b4                trap_handler
                0x0000000080202476                trap_return
 .text          0x00000000802024d8      0x274 syscall.o
                0x00000000802024d8                translated_byte_buffer
                0x0000000080202582                __sys_write
                0x00000000802025e4                __sys_read
                0x000000008020266e                __sys_yield
                0x0000000080202684                __sys_gettime
                0x000000008020269c                __SYSCALL
 .text          0x000000008020274c       0xe2 string.o
                0x000000008020274c                strlen
                0x0000000080202788                memcpy
                0x00000000802027de                memset
 .text          0x000000008020282e      0x10a app.o
                0x000000008020282e                syscall
                0x0000000080202862                sys_write
                0x0000000080202898                sys_yield
                0x00000000802028ba                sys_gettime
                0x00000000802028dc                sys_read
                0x0000000080202914                getchar
 .text          0x0000000080202938      0x120 timer.o
                0x00000000802029ba                set_next_trigger
                0x00000000802029e0                timer_init
                0x0000000080202a2e                get_time_us
 .text          0x0000000080202a58      0x18e stack.o
                0x0000000080202a58                initStack
                0x0000000080202a78                isEmpty
                0x0000000080202aa6                isFull
                0x0000000080202ad8                push
                0x0000000080202b42                pop
                0x0000000080202b9e                top
 .text          0x0000000080202be6      0x9b6 address.o
                0x0000000080202c2c                phys_addr_from_size_t
                0x0000000080202c50                phys_page_num_from_size_t
                0x0000000080202c74                size_t_from_phys_addr
                0x0000000080202c8a                size_t_from_phys_page_num
                0x0000000080202ca0                phys_addr_from_phys_page_num
                0x0000000080202cc0                virt_addr_from_size_t
                0x0000000080202ce4                virt_page_num_from_size_t
                0x0000000080202d0a                size_t_from_virt_addr
                0x0000000080202d38                size_t_from_virt_page_num
                0x0000000080202d4e                floor_phys
                0x0000000080202d6e                ceil_phys
                0x0000000080202d94                floor_virts
                0x0000000080202db4                virt_page_num_from_virt_addr
                0x0000000080202dd4                PageTableEntry_new
                0x0000000080202e02                PageTableEntry_empty
                0x0000000080202e18                PageTableEntry_ppn
                0x0000000080202e42                PageTableEntry_flags
                0x0000000080202e5e                PageTableEntry_is_valid
                0x0000000080202e94                get_bytes_array
                0x0000000080202ebc                get_pte_array
                0x0000000080202ee4                StackFrameAllocator_new
                0x0000000080202f16                StackFrameAllocator_init
                0x0000000080202f44                StackFrameAllocator_alloc
                0x0000000080202fc8                StackFrameAllocator_dealloc
                0x000000008020306a                frame_alloctor_init
                0x00000000802030ca                indexes
                0x0000000080203158                find_pte_create
                0x0000000080203222                kalloc
                0x000000008020324a                find_pte
                0x00000000802032f4                PageTable_map
                0x00000000802033e2                PageTable_unmap
                0x000000008020344c                kvmmake
                0x000000008020352e                kvminit
                0x000000008020356a                kvminithart
 .text          0x000000008020359c      0x5b4 task.o
                0x00000000802035d0                tcx_init
                0x0000000080203648                proc_mapstacks
                0x0000000080203724                proc_trap
                0x0000000080203762                proc_pagetable
                0x00000000802037ec                task_create_pt
                0x000000008020387c                app_init
                0x00000000802039aa                get_current_trap_cx
                0x00000000802039d6                current_user_token
                0x0000000080203a08                schedule
                0x0000000080203b0c                run_first_task
 .text          0x0000000080203b50       0x6c assert.o
                0x0000000080203b6e                assertion_failure
 .text          0x0000000080203bbc      0x430 vsprintf.o
                0x0000000080203bbc                _vsnprintf
 .text          0x0000000080203fec       0xc2 printf.o
                0x0000000080204056                printf
 .text          0x00000000802040ae      0x486 loader.o
                0x00000000802040ae                get_num_app
                0x00000000802040c6                get_app_data
                0x000000008020417c                get_app_names
                0x00000000802042e6                load_app
                0x0000000080205000                . = ALIGN (0x1000)
 *fill*         0x0000000080204534      0xacc 
                0x0000000080205000                PROVIDE (etext = .)

.rodata         0x0000000080205000     0x1000
 *(.rodata .rodata.*)
 .rodata        0x0000000080205000       0x11 main.o
 *fill*         0x0000000080205011        0x7 
 .rodata        0x0000000080205018       0x32 printk.o
 *fill*         0x000000008020504a        0x6 
 .rodata        0x0000000080205050       0x56 trap.o
 *fill*         0x00000000802050a6        0x2 
 .rodata        0x00000000802050a8       0x63 syscall.o
 *fill*         0x000000008020510b        0x5 
 .rodata        0x0000000080205110       0x38 stack.o
 .rodata        0x0000000080205148       0x66 address.o
 *fill*         0x00000000802051ae        0x2 
 .rodata        0x00000000802051b0       0x60 task.o
 .rodata        0x0000000080205210       0x74 assert.o
 .rodata        0x0000000080205284       0x58 vsprintf.o
 *fill*         0x00000000802052dc        0x4 
 .rodata        0x00000000802052e0       0x93 loader.o
                0x0000000080206000                . = ALIGN (0x1000)
 *fill*         0x0000000080205373      0xc8d 

.rela.dyn       0x0000000080206000        0x0
 .rela.text     0x0000000080206000        0x0 entry.o

.data           0x0000000080206000     0x5000
 *(.sdata .sdata.*)
 *(.data .data.*)
 .data          0x0000000080206000        0x0 entry.o
 .data          0x0000000080206000        0x0 kerneltrap.o
 .data          0x0000000080206000        0x0 switch.o
 .data          0x0000000080206000     0x4e00 link_app.o
                0x0000000080206000                _num_app
                0x0000000080206020                _app_names
                0x0000000080206030                app_0_start
                0x0000000080208708                app_0_end
                0x0000000080208708                app_1_start
                0x000000008020ae00                app_1_end
 .data          0x000000008020ae00        0x0 sbi.o
 .data          0x000000008020ae00        0x0 main.o
 .data          0x000000008020ae00        0x0 printk.o
 .data          0x000000008020ae00        0x0 trap.o
 .data          0x000000008020ae00        0x0 syscall.o
 .data          0x000000008020ae00        0x0 string.o
 .data          0x000000008020ae00        0x0 app.o
 .data          0x000000008020ae00        0x0 timer.o
 .data          0x000000008020ae00        0x0 stack.o
 .data          0x000000008020ae00        0x0 address.o
 .data          0x000000008020ae00        0x0 task.o
 .data          0x000000008020ae00        0x0 assert.o
 .data          0x000000008020ae00        0x0 vsprintf.o
 .data          0x000000008020ae00        0x0 printf.o
 .data          0x000000008020ae00        0x0 loader.o
                0x000000008020b000                . = ALIGN (0x1000)
 *fill*         0x000000008020ae00      0x200 
                [!provide]                        PROVIDE (_data_end = .)

.bss            0x000000008020b000    0x25000
 *(.sbss .sbss.*)
 .sbss          0x000000008020b000       0x10 address.o
                0x000000008020b000                kernel_pagetable
                0x000000008020b008                kernel_satp
 *(.bss .bss.*)
 .bss           0x000000008020b010        0x0 entry.o
 .bss.stack     0x000000008020b010    0x10000 entry.o
                0x000000008020b010                boot_stack_lower_bound
                0x000000008021b010                boot_stack_top
 .bss           0x000000008021b010        0x0 kerneltrap.o
 .bss           0x000000008021b010        0x0 switch.o
 .bss           0x000000008021b010        0x0 link_app.o
 .bss           0x000000008021b010        0x0 sbi.o
 .bss           0x000000008021b010        0x0 main.o
 .bss           0x000000008021b010      0x3e8 printk.o
 .bss           0x000000008021b3f8        0x0 trap.o
 .bss           0x000000008021b3f8        0x0 syscall.o
 .bss           0x000000008021b3f8        0x0 string.o
 .bss           0x000000008021b3f8        0x0 app.o
 .bss           0x000000008021b3f8        0x0 timer.o
 .bss           0x000000008021b3f8        0x0 stack.o
 .bss           0x000000008021b3f8    0x13898 address.o
                0x000000008021b3f8                FrameAllocatorImpl
 .bss           0x000000008022ec90      0x698 task.o
                0x000000008022ec90                tasks
 .bss           0x000000008022f328        0x0 assert.o
 .bss           0x000000008022f328        0x0 vsprintf.o
 .bss           0x000000008022f328      0x3e8 printf.o
 .bss           0x000000008022f710       0x50 loader.o
 *(COMMON)
                0x0000000080230000                . = ALIGN (0x1000)
 *fill*         0x000000008022f760      0x8a0 
                0x0000000080230000                PROVIDE (kernelend = .)
OUTPUT(os.elf elf64-littleriscv)

.riscv.attributes
                0x0000000000000000       0x42
 .riscv.attributes
                0x0000000000000000       0x3c entry.o
 .riscv.attributes
                0x000000000000003c       0x40 kerneltrap.o
 .riscv.attributes
                0x000000000000007c       0x3c switch.o
 .riscv.attributes
                0x00000000000000b8       0x3c link_app.o
 .riscv.attributes
                0x00000000000000f4       0x3e sbi.o
 .riscv.attributes
                0x0000000000000132       0x3e main.o
 .riscv.attributes
                0x0000000000000170       0x3e printk.o
 .riscv.attributes
                0x00000000000001ae       0x42 trap.o
 .riscv.attributes
                0x00000000000001f0       0x3e syscall.o
 .riscv.attributes
                0x000000000000022e       0x3e string.o
 .riscv.attributes
                0x000000000000026c       0x3e app.o
 .riscv.attributes
                0x00000000000002aa       0x42 timer.o
 .riscv.attributes
                0x00000000000002ec       0x3e stack.o
 .riscv.attributes
                0x000000000000032a       0x42 address.o
 .riscv.attributes
                0x000000000000036c       0x42 task.o
 .riscv.attributes
                0x00000000000003ae       0x3e assert.o
 .riscv.attributes
                0x00000000000003ec       0x3e vsprintf.o
 .riscv.attributes
                0x000000000000042a       0x3e printf.o
 .riscv.attributes
                0x0000000000000468       0x3e loader.o

.comment        0x0000000000000000       0x1b
 .comment       0x0000000000000000       0x1b sbi.o
                                         0x1c (size before relaxing)
 .comment       0x000000000000001b       0x1c main.o
 .comment       0x000000000000001b       0x1c printk.o
 .comment       0x000000000000001b       0x1c trap.o
 .comment       0x000000000000001b       0x1c syscall.o
 .comment       0x000000000000001b       0x1c string.o
 .comment       0x000000000000001b       0x1c app.o
 .comment       0x000000000000001b       0x1c timer.o
 .comment       0x000000000000001b       0x1c stack.o
 .comment       0x000000000000001b       0x1c address.o
 .comment       0x000000000000001b       0x1c task.o
 .comment       0x000000000000001b       0x1c assert.o
 .comment       0x000000000000001b       0x1c vsprintf.o
 .comment       0x000000000000001b       0x1c printf.o
 .comment       0x000000000000001b       0x1c loader.o

.debug_line     0x0000000000000000     0x2656
 .debug_line    0x0000000000000000       0x52 entry.o
 .debug_line    0x0000000000000052      0x238 kerneltrap.o
 .debug_line    0x000000000000028a       0x72 switch.o
 .debug_line    0x00000000000002fc      0x100 sbi.o
 .debug_line    0x00000000000003fc       0xc2 main.o
 .debug_line    0x00000000000004be      0x141 printk.o
 .debug_line    0x00000000000005ff      0x1f1 trap.o
 .debug_line    0x00000000000007f0      0x1fe syscall.o
 .debug_line    0x00000000000009ee      0x11f string.o
 .debug_line    0x0000000000000b0d      0x104 app.o
 .debug_line    0x0000000000000c11      0x16e timer.o
 .debug_line    0x0000000000000d7f      0x18f stack.o
 .debug_line    0x0000000000000f0e      0x93a address.o
 .debug_line    0x0000000000001848      0x3ce task.o
 .debug_line    0x0000000000001c16       0x80 assert.o
 .debug_line    0x0000000000001c96      0x4e8 vsprintf.o
 .debug_line    0x000000000000217e       0xd0 printf.o
 .debug_line    0x000000000000224e      0x408 loader.o

.debug_line_str
                0x0000000000000000      0x1c8
 .debug_line_str
                0x0000000000000000       0x26 entry.o
 .debug_line_str
                0x0000000000000026        0xd kerneltrap.o
                                         0x2b (size before relaxing)
 .debug_line_str
                0x0000000000000033        0x9 switch.o
                                         0x27 (size before relaxing)
 .debug_line_str
                0x000000000000003c       0x2a sbi.o
                                         0x6e (size before relaxing)
 .debug_line_str
                0x0000000000000066       0x32 main.o
                                         0x92 (size before relaxing)
 .debug_line_str
                0x0000000000000098       0x5f printk.o
                                         0xcb (size before relaxing)
 .debug_line_str
                0x00000000000000f7       0x27 trap.o
                                         0x9b (size before relaxing)
 .debug_line_str
                0x000000000000011e       0x17 syscall.o
                                         0x9b (size before relaxing)
 .debug_line_str
                0x0000000000000135       0x11 string.o
                                         0x71 (size before relaxing)
 .debug_line_str
                0x0000000000000146        0xa app.o
                                         0x70 (size before relaxing)
 .debug_line_str
                0x0000000000000150        0xc timer.o
                                         0x7b (size before relaxing)
 .debug_line_str
                0x000000000000015c       0x14 stack.o
                                         0x7e (size before relaxing)
 .debug_line_str
                0x0000000000000170       0x17 address.o
                                         0xaf (size before relaxing)
 .debug_line_str
                0x0000000000000187        0xb task.o
                                         0xa4 (size before relaxing)
 .debug_line_str
                0x0000000000000192        0xd assert.o
                                         0x57 (size before relaxing)
 .debug_line_str
                0x000000000000019f        0xf vsprintf.o
                                         0xc9 (size before relaxing)
 .debug_line_str
                0x00000000000001ae        0xd printf.o
                                         0xd5 (size before relaxing)
 .debug_line_str
                0x00000000000001bb        0xd loader.o
                                         0xaf (size before relaxing)

.debug_info     0x0000000000000000     0x3a22
 .debug_info    0x0000000000000000       0x28 entry.o
 .debug_info    0x0000000000000028       0x29 kerneltrap.o
 .debug_info    0x0000000000000051       0x28 switch.o
 .debug_info    0x0000000000000079      0x2b8 sbi.o
 .debug_info    0x0000000000000331      0x141 main.o
 .debug_info    0x0000000000000472      0x216 printk.o
 .debug_info    0x0000000000000688      0x422 trap.o
 .debug_info    0x0000000000000aaa      0x49d syscall.o
 .debug_info    0x0000000000000f47      0x186 string.o
 .debug_info    0x00000000000010cd      0x260 app.o
 .debug_info    0x000000000000132d      0x1f9 timer.o
 .debug_info    0x0000000000001526      0x221 stack.o
 .debug_info    0x0000000000001747      0xd3d address.o
 .debug_info    0x0000000000002484      0x837 task.o
 .debug_info    0x0000000000002cbb      0x10f assert.o
 .debug_info    0x0000000000002dca      0x233 vsprintf.o
 .debug_info    0x0000000000002ffd      0x1df printf.o
 .debug_info    0x00000000000031dc      0x846 loader.o

.debug_abbrev   0x0000000000000000     0x15b1
 .debug_abbrev  0x0000000000000000       0x14 entry.o
 .debug_abbrev  0x0000000000000014       0x14 kerneltrap.o
 .debug_abbrev  0x0000000000000028       0x14 switch.o
 .debug_abbrev  0x000000000000003c      0x114 sbi.o
 .debug_abbrev  0x0000000000000150       0xac main.o
 .debug_abbrev  0x00000000000001fc      0x15a printk.o
 .debug_abbrev  0x0000000000000356      0x19e trap.o
 .debug_abbrev  0x00000000000004f4      0x1d3 syscall.o
 .debug_abbrev  0x00000000000006c7       0xab string.o
 .debug_abbrev  0x0000000000000772      0x132 app.o
 .debug_abbrev  0x00000000000008a4      0x122 timer.o
 .debug_abbrev  0x00000000000009c6      0x143 stack.o
 .debug_abbrev  0x0000000000000b09      0x39f address.o
 .debug_abbrev  0x0000000000000ea8      0x273 task.o
 .debug_abbrev  0x000000000000111b       0xb8 assert.o
 .debug_abbrev  0x00000000000011d3       0xbb vsprintf.o
 .debug_abbrev  0x000000000000128e      0x111 printf.o
 .debug_abbrev  0x000000000000139f      0x212 loader.o

.debug_aranges  0x0000000000000000      0x360
 .debug_aranges
                0x0000000000000000       0x30 entry.o
 .debug_aranges
                0x0000000000000030       0x30 kerneltrap.o
 .debug_aranges
                0x0000000000000060       0x30 switch.o
 .debug_aranges
                0x0000000000000090       0x30 sbi.o
 .debug_aranges
                0x00000000000000c0       0x30 main.o
 .debug_aranges
                0x00000000000000f0       0x30 printk.o
 .debug_aranges
                0x0000000000000120       0x30 trap.o
 .debug_aranges
                0x0000000000000150       0x30 syscall.o
 .debug_aranges
                0x0000000000000180       0x30 string.o
 .debug_aranges
                0x00000000000001b0       0x30 app.o
 .debug_aranges
                0x00000000000001e0       0x30 timer.o
 .debug_aranges
                0x0000000000000210       0x30 stack.o
 .debug_aranges
                0x0000000000000240       0x30 address.o
 .debug_aranges
                0x0000000000000270       0x30 task.o
 .debug_aranges
                0x00000000000002a0       0x30 assert.o
 .debug_aranges
                0x00000000000002d0       0x30 vsprintf.o
 .debug_aranges
                0x0000000000000300       0x30 printf.o
 .debug_aranges
                0x0000000000000330       0x30 loader.o

.debug_str      0x0000000000000000      0xc3c
 .debug_str     0x0000000000000000       0x34 entry.o
 .debug_str     0x0000000000000034       0x11 kerneltrap.o
                                         0x39 (size before relaxing)
 .debug_str     0x0000000000000045        0xd switch.o
                                         0x35 (size before relaxing)
 .debug_str     0x0000000000000052      0x2a3 sbi.o
                                        0x2d1 (size before relaxing)
 .debug_str     0x00000000000002f5       0xa1 main.o
                                        0x177 (size before relaxing)
 .debug_str     0x0000000000000396       0x4d printk.o
                                        0x160 (size before relaxing)
 .debug_str     0x00000000000003e3      0x108 trap.o
                                        0x233 (size before relaxing)
 .debug_str     0x00000000000004eb      0x131 syscall.o
                                        0x29b (size before relaxing)
 .debug_str     0x000000000000061c       0x20 string.o
                                        0x110 (size before relaxing)
 .debug_str     0x000000000000063c        0x8 app.o
                                        0x173 (size before relaxing)
 .debug_str     0x0000000000000644       0x28 timer.o
                                        0x15e (size before relaxing)
 .debug_str     0x000000000000066c       0x24 stack.o
                                        0x134 (size before relaxing)
 .debug_str     0x0000000000000690      0x302 address.o
                                        0x548 (size before relaxing)
 .debug_str     0x0000000000000992      0x121 task.o
                                        0x39f (size before relaxing)
 .debug_str     0x0000000000000ab3       0x14 assert.o
                                         0xf8 (size before relaxing)
 .debug_str     0x0000000000000ac7       0x19 vsprintf.o
                                        0x144 (size before relaxing)
 .debug_str     0x0000000000000ae0       0x19 printf.o
                                        0x16b (size before relaxing)
 .debug_str     0x0000000000000ae0      0x15c loader.o
                                        0x421 (size before relaxing)

.debug_frame    0x0000000000000000     0x14a8
 .debug_frame   0x0000000000000000       0xd0 sbi.o
 .debug_frame   0x00000000000000d0       0x40 main.o
 .debug_frame   0x0000000000000110       0xc8 printk.o
 .debug_frame   0x00000000000001d8      0x160 trap.o
 .debug_frame   0x0000000000000338      0x130 syscall.o
 .debug_frame   0x0000000000000468       0xa0 string.o
 .debug_frame   0x0000000000000508      0x130 app.o
 .debug_frame   0x0000000000000638      0x190 timer.o
 .debug_frame   0x00000000000007c8      0x130 stack.o
 .debug_frame   0x00000000000008f8      0x710 address.o
 .debug_frame   0x0000000000001008      0x270 task.o
 .debug_frame   0x0000000000001278       0x68 assert.o
 .debug_frame   0x00000000000012e0       0x40 vsprintf.o
 .debug_frame   0x0000000000001320       0x70 printf.o
 .debug_frame   0x0000000000001390      0x118 loader.o

.debug_rnglists
                0x0000000000000000       0x81
 .debug_rnglists
                0x0000000000000000       0x2f syscall.o
 .debug_rnglists
                0x000000000000002f       0x52 address.o
