
Memory Configuration

Name             Origin             Length             Attributes
ram              0x0000000080200000 0x0000000008000000 axrl!w
*default*        0x0000000000000000 0xffffffffffffffff

Linker script and memory map

LOAD entry.o
LOAD kerneltrap.o
LOAD switch.o
LOAD link_app.o
LOAD sbi.o
LOAD main.o
LOAD printk.o
LOAD trap.o
LOAD syscall.o
LOAD string.o
LOAD app.o
LOAD timer.o
LOAD stack.o
LOAD address.o
LOAD task.o
LOAD assert.o
LOAD vsprintf.o
LOAD printf.o
LOAD loader.o
                0x0000000080200000                BASE_ADDRESS = 0x80200000
                0x0000000000000000                skernel = .

.text           0x0000000080200000     0x5000
 *(.text.entry)
 .text.entry    0x0000000080200000        0xc entry.o
                0x0000000080200000                _start
                0x0000000080201000                . = ALIGN (0x1000)
 *fill*         0x000000008020000c      0xff4 
                0x0000000080201000                trampoline = .
 *(.text.trampoline)
 .text.trampoline
                0x0000000080201000       0xca kerneltrap.o
                0x0000000080201000                __alltraps
                0x0000000080201068                __restore
                0x0000000080202000                . = ALIGN (0x1000)
 *fill*         0x00000000802010ca      0xf36 
                0x0000000080202000                _strampoline = .
 *(.text .text.*)
 .text          0x0000000080202000        0x0 entry.o
 .text          0x0000000080202000        0x0 kerneltrap.o
 .text          0x0000000080202000       0x6a switch.o
                0x0000000080202000                __switch
 *fill*         0x000000008020206a        0x6 
 .text          0x0000000080202070        0x2 link_app.o
 .text          0x0000000080202072      0x11c sbi.o
                0x0000000080202072                sbi_ecall
                0x00000000802020f6                sbi_console_putchar
                0x0000000080202124                sbi_console_getchar
                0x000000008020215c                sbi_set_timer
 .text          0x000000008020218e       0x56 main.o
                0x000000008020218e                os_main
 .text          0x00000000802021e4      0x142 printk.o
                0x00000000802021e4                uart_puts
                0x00000000802022a0                printk
                0x00000000802022f8                panic
 .text          0x0000000080202326      0x1b6 trap.o
                0x000000008020235a                trap_from_kernel
                0x0000000080202378                set_kernel_trap_entry
                0x0000000080202398                set_user_trap_entry
                0x00000000802023b8                trap_handler
                0x000000008020247a                trap_return
 .text          0x00000000802024dc      0x288 syscall.o
                0x00000000802024dc                translated_byte_buffer
                0x000000008020257a                __sys_write
                0x00000000802025dc                __sys_read
                0x0000000080202666                __sys_yield
                0x000000008020267c                __sys_gettime
                0x0000000080202694                __SYSCALL
 .text          0x0000000080202764       0xe2 string.o
                0x0000000080202764                strlen
                0x00000000802027a0                memcpy
                0x00000000802027f6                memset
 .text          0x0000000080202846      0x12e app.o
                0x0000000080202846                syscall
                0x000000008020287a                sys_write
                0x00000000802028b0                sys_yield
                0x00000000802028d2                sys_gettime
                0x00000000802028f4                sys_read
                0x000000008020292c                sys_fork
                0x0000000080202950                getchar
 .text          0x0000000080202974      0x12a timer.o
                0x0000000080202a18                set_next_trigger
                0x0000000080202a3e                timer_init
                0x0000000080202a74                get_time_us
 .text          0x0000000080202a9e      0x18e stack.o
                0x0000000080202a9e                initStack
                0x0000000080202abe                isEmpty
                0x0000000080202aec                isFull
                0x0000000080202b1e                push
                0x0000000080202b88                pop
                0x0000000080202be4                top
 .text          0x0000000080202c2c      0xa9c address.o
                0x0000000080202c72                phys_addr_from_size_t
                0x0000000080202c96                phys_page_num_from_size_t
                0x0000000080202cba                size_t_from_phys_addr
                0x0000000080202cd0                size_t_from_phys_page_num
                0x0000000080202ce6                phys_addr_from_phys_page_num
                0x0000000080202d06                virt_addr_from_size_t
                0x0000000080202d2a                virt_page_num_from_size_t
                0x0000000080202d50                size_t_from_virt_addr
                0x0000000080202d7e                size_t_from_virt_page_num
                0x0000000080202d94                floor_phys
                0x0000000080202db4                ceil_phys
                0x0000000080202dda                floor_virts
                0x0000000080202dfa                virt_page_num_from_virt_addr
                0x0000000080202e1a                PageTableEntry_new
                0x0000000080202e48                PageTableEntry_empty
                0x0000000080202e5e                PageTableEntry_ppn
                0x0000000080202e88                PageTableEntry_flags
                0x0000000080202ea4                PageTableEntry_is_valid
                0x0000000080202eda                get_bytes_array
                0x0000000080202f02                get_pte_array
                0x0000000080202f2a                StackFrameAllocator_new
                0x0000000080202f5c                StackFrameAllocator_init
                0x0000000080202f8a                StackFrameAllocator_alloc
                0x000000008020300e                StackFrameAllocator_dealloc
                0x00000000802030b0                frame_alloctor_init
                0x0000000080203110                indexes
                0x000000008020319e                find_pte_create
                0x0000000080203268                kalloc
                0x0000000080203290                find_pte
                0x000000008020333a                PageTable_map
                0x0000000080203428                uvmcopy
                0x000000008020350e                PageTable_unmap
                0x0000000080203578                kvmmake
                0x000000008020365a                kvminit
                0x0000000080203696                kvminithart
 .text          0x00000000802036c8      0x7fa task.o
                0x00000000802036fc                tcx_init
                0x0000000080203774                procinit
                0x00000000802037b6                proc_mapstacks
                0x0000000080203892                proc_trap
                0x00000000802038d0                proc_pagetable
                0x000000008020395a                task_create_pt
                0x00000000802039ea                app_init
                0x0000000080203b4a                get_current_trap_cx
                0x0000000080203b76                current_user_token
                0x0000000080203ba8                schedule
                0x0000000080203cc8                run_first_task
                0x0000000080203d0c                current_proc
                0x0000000080203d36                allocpid
                0x0000000080203d70                allocproc
                0x0000000080203de4                __sys_fork
 .text          0x0000000080203ec2       0x6c assert.o
                0x0000000080203ee0                assertion_failure
 .text          0x0000000080203f2e      0x430 vsprintf.o
                0x0000000080203f2e                _vsnprintf
 .text          0x000000008020435e       0xc2 printf.o
                0x00000000802043c8                printf
 .text          0x0000000080204420      0x492 loader.o
                0x0000000080204420                get_num_app
                0x0000000080204438                get_app_data
                0x00000000802044ee                get_app_names
                0x0000000080204658                load_app
                0x0000000080205000                . = ALIGN (0x1000)
 *fill*         0x00000000802048b2      0x74e 
                0x0000000080205000                PROVIDE (etext = .)

.rodata         0x0000000080205000     0x1000
 *(.rodata .rodata.*)
 .rodata        0x0000000080205000       0x11 main.o
 *fill*         0x0000000080205011        0x7 
 .rodata        0x0000000080205018       0x32 printk.o
 *fill*         0x000000008020504a        0x6 
 .rodata        0x0000000080205050       0x56 trap.o
 *fill*         0x00000000802050a6        0x2 
 .rodata        0x00000000802050a8       0x63 syscall.o
 *fill*         0x000000008020510b        0x5 
 .rodata        0x0000000080205110       0x38 stack.o
 .rodata        0x0000000080205148       0x72 address.o
 *fill*         0x00000000802051ba        0x6 
 .rodata        0x00000000802051c0       0x70 task.o
 .rodata        0x0000000080205230       0x74 assert.o
 .rodata        0x00000000802052a4       0x58 vsprintf.o
 *fill*         0x00000000802052fc        0x4 
 .rodata        0x0000000080205300       0x9b loader.o
                0x0000000080206000                . = ALIGN (0x1000)
 *fill*         0x000000008020539b      0xc65 

.rela.dyn       0x0000000080206000        0x0
 .rela.text     0x0000000080206000        0x0 entry.o

.data           0x0000000080206000     0x5000
 *(.sdata .sdata.*)
 .sdata         0x0000000080206000        0x4 task.o
                0x0000000080206000                nextpid
 *(.data .data.*)
 .data          0x0000000080206004        0x0 entry.o
 .data          0x0000000080206004        0x0 kerneltrap.o
 .data          0x0000000080206004        0x0 switch.o
 *fill*         0x0000000080206004        0x4 
 .data          0x0000000080206008     0x4e70 link_app.o
                0x0000000080206008                _num_app
                0x0000000080206028                _app_names
                0x0000000080206038                app_0_start
                0x0000000080208758                app_0_end
                0x0000000080208758                app_1_start
                0x000000008020ae78                app_1_end
 .data          0x000000008020ae78        0x0 sbi.o
 .data          0x000000008020ae78        0x0 main.o
 .data          0x000000008020ae78        0x0 printk.o
 .data          0x000000008020ae78        0x0 trap.o
 .data          0x000000008020ae78        0x0 syscall.o
 .data          0x000000008020ae78        0x0 string.o
 .data          0x000000008020ae78        0x0 app.o
 .data          0x000000008020ae78        0x0 timer.o
 .data          0x000000008020ae78        0x0 stack.o
 .data          0x000000008020ae78        0x0 address.o
 .data          0x000000008020ae78        0x0 task.o
 .data          0x000000008020ae78        0x0 assert.o
 .data          0x000000008020ae78        0x0 vsprintf.o
 .data          0x000000008020ae78        0x0 printf.o
 .data          0x000000008020ae78        0x0 loader.o
                0x000000008020b000                . = ALIGN (0x1000)
 *fill*         0x000000008020ae78      0x188 
                [!provide]                        PROVIDE (_data_end = .)

.bss            0x000000008020b000    0x25000
 *(.sbss .sbss.*)
 .sbss          0x000000008020b000       0x10 address.o
                0x000000008020b000                kernel_pagetable
                0x000000008020b008                kernel_satp
 *(.bss .bss.*)
 .bss           0x000000008020b010        0x0 entry.o
 .bss.stack     0x000000008020b010    0x10000 entry.o
                0x000000008020b010                boot_stack_lower_bound
                0x000000008021b010                boot_stack_top
 .bss           0x000000008021b010        0x0 kerneltrap.o
 .bss           0x000000008021b010        0x0 switch.o
 .bss           0x000000008021b010        0x0 link_app.o
 .bss           0x000000008021b010        0x0 sbi.o
 .bss           0x000000008021b010        0x0 main.o
 .bss           0x000000008021b010      0x3e8 printk.o
 .bss           0x000000008021b3f8        0x0 trap.o
 .bss           0x000000008021b3f8        0x0 syscall.o
 .bss           0x000000008021b3f8        0x0 string.o
 .bss           0x000000008021b3f8        0x0 app.o
 .bss           0x000000008021b3f8        0x0 timer.o
 .bss           0x000000008021b3f8        0x0 stack.o
 .bss           0x000000008021b3f8    0x13898 address.o
                0x000000008021b3f8                FrameAllocatorImpl
 .bss           0x000000008022ec90      0x6e8 task.o
                0x000000008022ec90                tasks
 .bss           0x000000008022f378        0x0 assert.o
 .bss           0x000000008022f378        0x0 vsprintf.o
 .bss           0x000000008022f378      0x3e8 printf.o
 .bss           0x000000008022f760       0x50 loader.o
 *(COMMON)
                0x0000000080230000                . = ALIGN (0x1000)
 *fill*         0x000000008022f7b0      0x850 
                0x0000000080230000                PROVIDE (kernelend = .)
OUTPUT(os.elf elf64-littleriscv)

.riscv.attributes
                0x0000000000000000       0x42
 .riscv.attributes
                0x0000000000000000       0x3c entry.o
 .riscv.attributes
                0x000000000000003c       0x40 kerneltrap.o
 .riscv.attributes
                0x000000000000007c       0x3c switch.o
 .riscv.attributes
                0x00000000000000b8       0x3c link_app.o
 .riscv.attributes
                0x00000000000000f4       0x3e sbi.o
 .riscv.attributes
                0x0000000000000132       0x3e main.o
 .riscv.attributes
                0x0000000000000170       0x3e printk.o
 .riscv.attributes
                0x00000000000001ae       0x42 trap.o
 .riscv.attributes
                0x00000000000001f0       0x3e syscall.o
 .riscv.attributes
                0x000000000000022e       0x3e string.o
 .riscv.attributes
                0x000000000000026c       0x3e app.o
 .riscv.attributes
                0x00000000000002aa       0x42 timer.o
 .riscv.attributes
                0x00000000000002ec       0x3e stack.o
 .riscv.attributes
                0x000000000000032a       0x42 address.o
 .riscv.attributes
                0x000000000000036c       0x42 task.o
 .riscv.attributes
                0x00000000000003ae       0x3e assert.o
 .riscv.attributes
                0x00000000000003ec       0x3e vsprintf.o
 .riscv.attributes
                0x000000000000042a       0x3e printf.o
 .riscv.attributes
                0x0000000000000468       0x3e loader.o

.comment        0x0000000000000000       0x1b
 .comment       0x0000000000000000       0x1b sbi.o
                                         0x1c (size before relaxing)
 .comment       0x000000000000001b       0x1c main.o
 .comment       0x000000000000001b       0x1c printk.o
 .comment       0x000000000000001b       0x1c trap.o
 .comment       0x000000000000001b       0x1c syscall.o
 .comment       0x000000000000001b       0x1c string.o
 .comment       0x000000000000001b       0x1c app.o
 .comment       0x000000000000001b       0x1c timer.o
 .comment       0x000000000000001b       0x1c stack.o
 .comment       0x000000000000001b       0x1c address.o
 .comment       0x000000000000001b       0x1c task.o
 .comment       0x000000000000001b       0x1c assert.o
 .comment       0x000000000000001b       0x1c vsprintf.o
 .comment       0x000000000000001b       0x1c printf.o
 .comment       0x000000000000001b       0x1c loader.o

.debug_line     0x0000000000000000     0x291e
 .debug_line    0x0000000000000000       0x52 entry.o
 .debug_line    0x0000000000000052      0x238 kerneltrap.o
 .debug_line    0x000000000000028a       0x72 switch.o
 .debug_line    0x00000000000002fc      0x100 sbi.o
 .debug_line    0x00000000000003fc       0xc8 main.o
 .debug_line    0x00000000000004c4      0x141 printk.o
 .debug_line    0x0000000000000605      0x1f1 trap.o
 .debug_line    0x00000000000007f6      0x1f4 syscall.o
 .debug_line    0x00000000000009ea      0x11f string.o
 .debug_line    0x0000000000000b09      0x11a app.o
 .debug_line    0x0000000000000c23      0x17c timer.o
 .debug_line    0x0000000000000d9f      0x18f stack.o
 .debug_line    0x0000000000000f2e      0x9d4 address.o
 .debug_line    0x0000000000001902      0x5cc task.o
 .debug_line    0x0000000000001ece       0x80 assert.o
 .debug_line    0x0000000000001f4e      0x4e8 vsprintf.o
 .debug_line    0x0000000000002436       0xd0 printf.o
 .debug_line    0x0000000000002506      0x418 loader.o

.debug_line_str
                0x0000000000000000      0x1c8
 .debug_line_str
                0x0000000000000000       0x26 entry.o
 .debug_line_str
                0x0000000000000026        0xd kerneltrap.o
                                         0x2b (size before relaxing)
 .debug_line_str
                0x0000000000000033        0x9 switch.o
                                         0x27 (size before relaxing)
 .debug_line_str
                0x000000000000003c       0x2a sbi.o
                                         0x6e (size before relaxing)
 .debug_line_str
                0x0000000000000066       0x32 main.o
                                         0x92 (size before relaxing)
 .debug_line_str
                0x0000000000000098       0x5f printk.o
                                         0xcb (size before relaxing)
 .debug_line_str
                0x00000000000000f7       0x27 trap.o
                                         0x9b (size before relaxing)
 .debug_line_str
                0x000000000000011e       0x17 syscall.o
                                         0x9b (size before relaxing)
 .debug_line_str
                0x0000000000000135       0x11 string.o
                                         0x71 (size before relaxing)
 .debug_line_str
                0x0000000000000146        0xa app.o
                                         0x70 (size before relaxing)
 .debug_line_str
                0x0000000000000150        0xc timer.o
                                         0x7b (size before relaxing)
 .debug_line_str
                0x000000000000015c       0x14 stack.o
                                         0x7e (size before relaxing)
 .debug_line_str
                0x0000000000000170       0x17 address.o
                                         0xaf (size before relaxing)
 .debug_line_str
                0x0000000000000187        0xb task.o
                                         0xa4 (size before relaxing)
 .debug_line_str
                0x0000000000000192        0xd assert.o
                                         0x57 (size before relaxing)
 .debug_line_str
                0x000000000000019f        0xf vsprintf.o
                                         0xc9 (size before relaxing)
 .debug_line_str
                0x00000000000001ae        0xd printf.o
                                         0xd5 (size before relaxing)
 .debug_line_str
                0x00000000000001bb        0xd loader.o
                                         0xaf (size before relaxing)

.debug_info     0x0000000000000000     0x3dec
 .debug_info    0x0000000000000000       0x28 entry.o
 .debug_info    0x0000000000000028       0x29 kerneltrap.o
 .debug_info    0x0000000000000051       0x28 switch.o
 .debug_info    0x0000000000000079      0x2b8 sbi.o
 .debug_info    0x0000000000000331      0x162 main.o
 .debug_info    0x0000000000000493      0x216 printk.o
 .debug_info    0x00000000000006a9      0x422 trap.o
 .debug_info    0x0000000000000acb      0x4be syscall.o
 .debug_info    0x0000000000000f89      0x186 string.o
 .debug_info    0x000000000000110f      0x27f app.o
 .debug_info    0x000000000000138e      0x206 timer.o
 .debug_info    0x0000000000001594      0x221 stack.o
 .debug_info    0x00000000000017b5      0xe58 address.o
 .debug_info    0x000000000000260d      0xa3d task.o
 .debug_info    0x000000000000304a      0x10f assert.o
 .debug_info    0x0000000000003159      0x233 vsprintf.o
 .debug_info    0x000000000000338c      0x1df printf.o
 .debug_info    0x000000000000356b      0x881 loader.o

.debug_abbrev   0x0000000000000000     0x167c
 .debug_abbrev  0x0000000000000000       0x14 entry.o
 .debug_abbrev  0x0000000000000014       0x14 kerneltrap.o
 .debug_abbrev  0x0000000000000028       0x14 switch.o
 .debug_abbrev  0x000000000000003c      0x114 sbi.o
 .debug_abbrev  0x0000000000000150       0xd4 main.o
 .debug_abbrev  0x0000000000000224      0x15a printk.o
 .debug_abbrev  0x000000000000037e      0x19e trap.o
 .debug_abbrev  0x000000000000051c      0x1d4 syscall.o
 .debug_abbrev  0x00000000000006f0       0xab string.o
 .debug_abbrev  0x000000000000079b      0x131 app.o
 .debug_abbrev  0x00000000000008cc      0x136 timer.o
 .debug_abbrev  0x0000000000000a02      0x143 stack.o
 .debug_abbrev  0x0000000000000b45      0x3b4 address.o
 .debug_abbrev  0x0000000000000ef9      0x2ef task.o
 .debug_abbrev  0x00000000000011e8       0xb8 assert.o
 .debug_abbrev  0x00000000000012a0       0xbb vsprintf.o
 .debug_abbrev  0x000000000000135b      0x111 printf.o
 .debug_abbrev  0x000000000000146c      0x210 loader.o

.debug_aranges  0x0000000000000000      0x360
 .debug_aranges
                0x0000000000000000       0x30 entry.o
 .debug_aranges
                0x0000000000000030       0x30 kerneltrap.o
 .debug_aranges
                0x0000000000000060       0x30 switch.o
 .debug_aranges
                0x0000000000000090       0x30 sbi.o
 .debug_aranges
                0x00000000000000c0       0x30 main.o
 .debug_aranges
                0x00000000000000f0       0x30 printk.o
 .debug_aranges
                0x0000000000000120       0x30 trap.o
 .debug_aranges
                0x0000000000000150       0x30 syscall.o
 .debug_aranges
                0x0000000000000180       0x30 string.o
 .debug_aranges
                0x00000000000001b0       0x30 app.o
 .debug_aranges
                0x00000000000001e0       0x30 timer.o
 .debug_aranges
                0x0000000000000210       0x30 stack.o
 .debug_aranges
                0x0000000000000240       0x30 address.o
 .debug_aranges
                0x0000000000000270       0x30 task.o
 .debug_aranges
                0x00000000000002a0       0x30 assert.o
 .debug_aranges
                0x00000000000002d0       0x30 vsprintf.o
 .debug_aranges
                0x0000000000000300       0x30 printf.o
 .debug_aranges
                0x0000000000000330       0x30 loader.o

.debug_str      0x0000000000000000      0xc8b
 .debug_str     0x0000000000000000       0x34 entry.o
 .debug_str     0x0000000000000034       0x11 kerneltrap.o
                                         0x39 (size before relaxing)
 .debug_str     0x0000000000000045        0xd switch.o
                                         0x35 (size before relaxing)
 .debug_str     0x0000000000000052      0x2a3 sbi.o
                                        0x2d1 (size before relaxing)
 .debug_str     0x00000000000002f5       0xaa main.o
                                        0x180 (size before relaxing)
 .debug_str     0x000000000000039f       0x4d printk.o
                                        0x160 (size before relaxing)
 .debug_str     0x00000000000003ec      0x108 trap.o
                                        0x233 (size before relaxing)
 .debug_str     0x00000000000004f4      0x137 syscall.o
                                        0x2a1 (size before relaxing)
 .debug_str     0x000000000000062b       0x20 string.o
                                        0x110 (size before relaxing)
 .debug_str     0x000000000000064b        0x8 app.o
                                        0x17c (size before relaxing)
 .debug_str     0x0000000000000653       0x30 timer.o
                                        0x15e (size before relaxing)
 .debug_str     0x0000000000000683       0x24 stack.o
                                        0x134 (size before relaxing)
 .debug_str     0x00000000000006a7      0x30a address.o
                                        0x56b (size before relaxing)
 .debug_str     0x00000000000009b1      0x156 task.o
                                        0x3fe (size before relaxing)
 .debug_str     0x0000000000000b07       0x14 assert.o
                                         0xf8 (size before relaxing)
 .debug_str     0x0000000000000b1b       0x19 vsprintf.o
                                        0x144 (size before relaxing)
 .debug_str     0x0000000000000b34       0x19 printf.o
                                        0x16b (size before relaxing)
 .debug_str     0x0000000000000b34      0x157 loader.o
                                        0x428 (size before relaxing)

.debug_frame    0x0000000000000000     0x1630
 .debug_frame   0x0000000000000000       0xd0 sbi.o
 .debug_frame   0x00000000000000d0       0x40 main.o
 .debug_frame   0x0000000000000110       0xc8 printk.o
 .debug_frame   0x00000000000001d8      0x160 trap.o
 .debug_frame   0x0000000000000338      0x130 syscall.o
 .debug_frame   0x0000000000000468       0xa0 string.o
 .debug_frame   0x0000000000000508      0x160 app.o
 .debug_frame   0x0000000000000668      0x1c0 timer.o
 .debug_frame   0x0000000000000828      0x130 stack.o
 .debug_frame   0x0000000000000958      0x748 address.o
 .debug_frame   0x00000000000010a0      0x360 task.o
 .debug_frame   0x0000000000001400       0x68 assert.o
 .debug_frame   0x0000000000001468       0x40 vsprintf.o
 .debug_frame   0x00000000000014a8       0x70 printf.o
 .debug_frame   0x0000000000001518      0x118 loader.o

.debug_rnglists
                0x0000000000000000       0x81
 .debug_rnglists
                0x0000000000000000       0x2f syscall.o
 .debug_rnglists
                0x000000000000002f       0x52 address.o
