
Memory Configuration

Name             Origin             Length             Attributes
ram              0x0000000080200000 0x0000000008000000 axrl!w
*default*        0x0000000000000000 0xffffffffffffffff

Linker script and memory map

LOAD entry.o
LOAD kerneltrap.o
LOAD switch.o
LOAD link_app.o
LOAD sbi.o
LOAD main.o
LOAD printk.o
LOAD trap.o
LOAD syscall.o
LOAD string.o
LOAD app.o
LOAD task.o
LOAD timer.o
LOAD stack.o
LOAD address.o
LOAD assert.o
LOAD vsprintf.o
LOAD printf.o
LOAD loader.o
                0x0000000080200000                BASE_ADDRESS = 0x80200000
                0x0000000000000000                skernel = .

.text           0x0000000080200000     0x2000
 *(.text .text.*)
 .text          0x0000000080200000        0x0 entry.o
 .text.entry    0x0000000080200000        0xc entry.o
                0x0000000080200000                _start
 *fill*         0x000000008020000c        0x4 
 .text          0x0000000080200010       0xbe kerneltrap.o
                0x0000000080200010                __alltraps
                0x0000000080200070                __restore
 .text          0x00000000802000ce       0x6a switch.o
                0x00000000802000ce                __switch
 *fill*         0x0000000080200138        0x0 
 .text          0x0000000080200138        0x2 link_app.o
 .text          0x000000008020013a       0xe4 sbi.o
                0x000000008020013a                sbi_ecall
                0x00000000802001be                sbi_console_putchar
                0x00000000802001ec                sbi_set_timer
 .text          0x000000008020021e       0x2c main.o
                0x000000008020021e                os_main
 .text          0x000000008020024a      0x142 printk.o
                0x000000008020024a                uart_puts
                0x0000000080200306                printk
                0x000000008020035e                panic
 .text          0x000000008020038c      0x10c trap.o
                0x00000000802003c0                trap_handler
                0x0000000080200478                trap_init
 .text          0x0000000080200498      0x100 syscall.o
                0x0000000080200498                __sys_write
                0x00000000802004e2                __sys_yield
                0x00000000802004f8                __sys_gettime
                0x0000000080200510                __SYSCALL
 .text          0x0000000080200598       0xe2 string.o
                0x0000000080200598                strlen
                0x00000000802005d4                memcpy
                0x000000008020062a                memset
 .text          0x000000008020067a      0x178 app.o
                0x000000008020067a                syscall
                0x00000000802006ae                sys_write
                0x00000000802006e4                sys_yield
                0x0000000080200706                sys_gettime
                0x0000000080200728                task1
                0x000000008020074c                task2
                0x0000000080200770                task3
                0x00000000802007bc                task_init
 .text          0x00000000802007f2      0x318 task.o
                0x0000000080200826                tcx_init
                0x000000008020089e                task_create
                0x00000000802009c2                schedule
                0x0000000080200ac6                run_first_task
 .text          0x0000000080200b0a      0x120 timer.o
                0x0000000080200b8c                set_next_trigger
                0x0000000080200bb2                timer_init
                0x0000000080200c00                get_time_us
 .text          0x0000000080200c2a      0x18e stack.o
                0x0000000080200c2a                initStack
                0x0000000080200c4a                isEmpty
                0x0000000080200c78                isFull
                0x0000000080200caa                push
                0x0000000080200d14                pop
                0x0000000080200d70                top
 .text          0x0000000080200db8      0x9c4 address.o
                0x0000000080200dfe                phys_addr_from_size_t
                0x0000000080200e22                phys_page_num_from_size_t
                0x0000000080200e46                size_t_from_phys_addr
                0x0000000080200e5c                size_t_from_phys_page_num
                0x0000000080200e72                phys_addr_from_phys_page_num
                0x0000000080200e92                virt_addr_from_size_t
                0x0000000080200eb6                virt_page_num_from_size_t
                0x0000000080200edc                size_t_from_virt_addr
                0x0000000080200f0a                size_t_from_virt_page_num
                0x0000000080200f20                floor_phys
                0x0000000080200f40                ceil_phys
                0x0000000080200f66                floor_virts
                0x0000000080200f86                virt_page_num_from_virt_addr
                0x0000000080200fa6                PageTableEntry_new
                0x0000000080200fd4                PageTableEntry_empty
                0x0000000080200fea                PageTableEntry_ppn
                0x0000000080201014                PageTableEntry_flags
                0x0000000080201030                PageTableEntry_is_valid
                0x0000000080201066                get_bytes_array
                0x000000008020108e                get_pte_array
                0x00000000802010b6                StackFrameAllocator_new
                0x00000000802010e8                StackFrameAllocator_init
                0x0000000080201116                StackFrameAllocator_alloc
                0x000000008020119a                StackFrameAllocator_dealloc
                0x000000008020123c                frame_alloctor_init
                0x00000000802012c4                indexes
                0x0000000080201352                find_pte_create
                0x000000008020141c                find_pte
                0x00000000802014c4                PageTable_map
                0x00000000802015b2                PageTable_unmap
                0x000000008020161c                kvmmake
                0x0000000080201712                kvminit
                0x0000000080201734                kvminithart
 .text          0x000000008020177c       0x6c assert.o
                0x000000008020179a                assertion_failure
 .text          0x00000000802017e8      0x430 vsprintf.o
                0x00000000802017e8                _vsnprintf
 .text          0x0000000080201c18       0xc2 printf.o
                0x0000000080201c82                printf
 .text          0x0000000080201cda       0xe6 loader.o
                0x0000000080201cda                get_num_app
                0x0000000080201cf2                get_app_data
                0x0000000080202000                . = ALIGN (0x1000)
 *fill*         0x0000000080201dc0      0x240 
                0x0000000080202000                PROVIDE (etext = .)

.rodata         0x0000000080202000      0x3da
 *(.rodata .rodata.*)
 .rodata        0x0000000080202000       0x11 main.o
 *fill*         0x0000000080202011        0x7 
 .rodata        0x0000000080202018       0x32 printk.o
 *fill*         0x000000008020204a        0x6 
 .rodata        0x0000000080202050       0x3e trap.o
 *fill*         0x000000008020208e        0x2 
 .rodata        0x0000000080202090       0x3b syscall.o
 *fill*         0x00000000802020cb        0x5 
 .rodata        0x00000000802020d0       0x5a app.o
 *fill*         0x000000008020212a        0x6 
 .rodata        0x0000000080202130       0x4f task.o
 *fill*         0x000000008020217f        0x1 
 .rodata        0x0000000080202180       0x38 stack.o
 .rodata        0x00000000802021b8      0x10a address.o
 *fill*         0x00000000802022c2        0x6 
 .rodata        0x00000000802022c8       0x74 assert.o
 .rodata        0x000000008020233c       0x58 vsprintf.o
 *fill*         0x0000000080202394        0x4 
 .rodata        0x0000000080202398       0x42 loader.o

.rela.dyn       0x00000000802023e0        0x0
 .rela.text     0x00000000802023e0        0x0 entry.o

.data           0x00000000802023e0     0x4728
                0x0000000080203000                . = ALIGN (0x1000)
 *fill*         0x00000000802023e0      0xc20 
 *(.sdata .sdata.*)
 *(.data .data.*)
 .data          0x0000000080203000        0x0 entry.o
 .data          0x0000000080203000        0x0 kerneltrap.o
 .data          0x0000000080203000        0x0 switch.o
 .data          0x0000000080203000     0x3b08 link_app.o
                0x0000000080203000                _num_app
                0x0000000080203020                app_0_start
                0x0000000080204458                app_0_end
                0x0000000080204458                app_1_start
                0x0000000080206b08                app_1_end
 .data          0x0000000080206b08        0x0 sbi.o
 .data          0x0000000080206b08        0x0 main.o
 .data          0x0000000080206b08        0x0 printk.o
 .data          0x0000000080206b08        0x0 trap.o
 .data          0x0000000080206b08        0x0 syscall.o
 .data          0x0000000080206b08        0x0 string.o
 .data          0x0000000080206b08        0x0 app.o
 .data          0x0000000080206b08        0x0 task.o
 .data          0x0000000080206b08        0x0 timer.o
 .data          0x0000000080206b08        0x0 stack.o
 .data          0x0000000080206b08        0x0 address.o
 .data          0x0000000080206b08        0x0 assert.o
 .data          0x0000000080206b08        0x0 vsprintf.o
 .data          0x0000000080206b08        0x0 printf.o
 .data          0x0000000080206b08        0x0 loader.o
                [!provide]                        PROVIDE (_data_end = .)

.bss            0x0000000080206b08    0x4c528
 *(.sbss .sbss.*)
 .sbss          0x0000000080206b08        0x8 address.o
                0x0000000080206b08                kernel_pagetable
 *(.bss .bss.*)
 .bss           0x0000000080206b10        0x0 entry.o
 .bss.stack     0x0000000080206b10    0x10000 entry.o
                0x0000000080206b10                boot_stack_lower_bound
                0x0000000080216b10                boot_stack_top
 .bss           0x0000000080216b10        0x0 kerneltrap.o
 .bss           0x0000000080216b10        0x0 switch.o
 .bss           0x0000000080216b10        0x0 link_app.o
 .bss           0x0000000080216b10        0x0 sbi.o
 .bss           0x0000000080216b10        0x0 main.o
 .bss           0x0000000080216b10      0x3e8 printk.o
 .bss           0x0000000080216ef8        0x0 trap.o
 .bss           0x0000000080216ef8        0x0 syscall.o
 .bss           0x0000000080216ef8        0x0 string.o
 .bss           0x0000000080216ef8        0x0 app.o
 .bss           0x0000000080216ef8    0x284b8 task.o
                0x0000000080216ef8                KernelStack
                0x000000008022aef8                UserStack
                0x000000008023eef8                tasks
 .bss           0x000000008023f3b0        0x0 timer.o
 .bss           0x000000008023f3b0        0x0 stack.o
 .bss           0x000000008023f3b0    0x13898 address.o
                0x000000008023f3b0                FrameAllocatorImpl
 .bss           0x0000000080252c48        0x0 assert.o
 .bss           0x0000000080252c48        0x0 vsprintf.o
 .bss           0x0000000080252c48      0x3e8 printf.o
 .bss           0x0000000080253030        0x0 loader.o
 *(COMMON)
                0x0000000080253030                PROVIDE (kernelend = .)
OUTPUT(os.elf elf64-littleriscv)

.riscv.attributes
                0x0000000000000000       0x42
 .riscv.attributes
                0x0000000000000000       0x3c entry.o
 .riscv.attributes
                0x000000000000003c       0x40 kerneltrap.o
 .riscv.attributes
                0x000000000000007c       0x3c switch.o
 .riscv.attributes
                0x00000000000000b8       0x3c link_app.o
 .riscv.attributes
                0x00000000000000f4       0x3e sbi.o
 .riscv.attributes
                0x0000000000000132       0x3e main.o
 .riscv.attributes
                0x0000000000000170       0x3e printk.o
 .riscv.attributes
                0x00000000000001ae       0x42 trap.o
 .riscv.attributes
                0x00000000000001f0       0x3e syscall.o
 .riscv.attributes
                0x000000000000022e       0x3e string.o
 .riscv.attributes
                0x000000000000026c       0x3e app.o
 .riscv.attributes
                0x00000000000002aa       0x42 task.o
 .riscv.attributes
                0x00000000000002ec       0x42 timer.o
 .riscv.attributes
                0x000000000000032e       0x3e stack.o
 .riscv.attributes
                0x000000000000036c       0x42 address.o
 .riscv.attributes
                0x00000000000003ae       0x3e assert.o
 .riscv.attributes
                0x00000000000003ec       0x3e vsprintf.o
 .riscv.attributes
                0x000000000000042a       0x3e printf.o
 .riscv.attributes
                0x0000000000000468       0x3e loader.o

.comment        0x0000000000000000       0x1b
 .comment       0x0000000000000000       0x1b sbi.o
                                         0x1c (size before relaxing)
 .comment       0x000000000000001b       0x1c main.o
 .comment       0x000000000000001b       0x1c printk.o
 .comment       0x000000000000001b       0x1c trap.o
 .comment       0x000000000000001b       0x1c syscall.o
 .comment       0x000000000000001b       0x1c string.o
 .comment       0x000000000000001b       0x1c app.o
 .comment       0x000000000000001b       0x1c task.o
 .comment       0x000000000000001b       0x1c timer.o
 .comment       0x000000000000001b       0x1c stack.o
 .comment       0x000000000000001b       0x1c address.o
 .comment       0x000000000000001b       0x1c assert.o
 .comment       0x000000000000001b       0x1c vsprintf.o
 .comment       0x000000000000001b       0x1c printf.o
 .comment       0x000000000000001b       0x1c loader.o

.debug_line     0x0000000000000000     0x2082
 .debug_line    0x0000000000000000       0x52 entry.o
 .debug_line    0x0000000000000052      0x220 kerneltrap.o
 .debug_line    0x0000000000000272       0x72 switch.o
 .debug_line    0x00000000000002e4       0xe2 sbi.o
 .debug_line    0x00000000000003c6       0x98 main.o
 .debug_line    0x000000000000045e      0x141 printk.o
 .debug_line    0x000000000000059f      0x15a trap.o
 .debug_line    0x00000000000006f9       0xff syscall.o
 .debug_line    0x00000000000007f8      0x11f string.o
 .debug_line    0x0000000000000917      0x18b app.o
 .debug_line    0x0000000000000aa2      0x294 task.o
 .debug_line    0x0000000000000d36      0x16e timer.o
 .debug_line    0x0000000000000ea4      0x18f stack.o
 .debug_line    0x0000000000001033      0x931 address.o
 .debug_line    0x0000000000001964       0x80 assert.o
 .debug_line    0x00000000000019e4      0x4e8 vsprintf.o
 .debug_line    0x0000000000001ecc       0xd0 printf.o
 .debug_line    0x0000000000001f9c       0xe6 loader.o

.debug_line_str
                0x0000000000000000      0x1c8
 .debug_line_str
                0x0000000000000000       0x26 entry.o
 .debug_line_str
                0x0000000000000026        0xd kerneltrap.o
                                         0x2b (size before relaxing)
 .debug_line_str
                0x0000000000000033        0x9 switch.o
                                         0x27 (size before relaxing)
 .debug_line_str
                0x000000000000003c       0x2a sbi.o
                                         0x6e (size before relaxing)
 .debug_line_str
                0x0000000000000066       0x21 main.o
                                         0x81 (size before relaxing)
 .debug_line_str
                0x0000000000000087       0x5f printk.o
                                         0xcb (size before relaxing)
 .debug_line_str
                0x00000000000000e6       0x27 trap.o
                                         0x94 (size before relaxing)
 .debug_line_str
                0x000000000000010d        0xe syscall.o
                                         0x81 (size before relaxing)
 .debug_line_str
                0x000000000000011b       0x11 string.o
                                         0x71 (size before relaxing)
 .debug_line_str
                0x000000000000012c        0xa app.o
                                         0x75 (size before relaxing)
 .debug_line_str
                0x0000000000000136       0x12 task.o
                                         0x91 (size before relaxing)
 .debug_line_str
                0x0000000000000148        0xc timer.o
                                         0x7b (size before relaxing)
 .debug_line_str
                0x0000000000000154       0x14 stack.o
                                         0x7e (size before relaxing)
 .debug_line_str
                0x0000000000000168       0x2a address.o
                                         0xa8 (size before relaxing)
 .debug_line_str
                0x0000000000000192        0xd assert.o
                                         0x57 (size before relaxing)
 .debug_line_str
                0x000000000000019f        0xf vsprintf.o
                                         0xc9 (size before relaxing)
 .debug_line_str
                0x00000000000001ae        0xd printf.o
                                         0xd5 (size before relaxing)
 .debug_line_str
                0x00000000000001bb        0xd loader.o
                                         0x8b (size before relaxing)

.debug_info     0x0000000000000000     0x2d6b
 .debug_info    0x0000000000000000       0x28 entry.o
 .debug_info    0x0000000000000028       0x29 kerneltrap.o
 .debug_info    0x0000000000000051       0x28 switch.o
 .debug_info    0x0000000000000079      0x295 sbi.o
 .debug_info    0x000000000000030e      0x178 main.o
 .debug_info    0x0000000000000486      0x216 printk.o
 .debug_info    0x000000000000069c      0x33a trap.o
 .debug_info    0x00000000000009d6      0x1e8 syscall.o
 .debug_info    0x0000000000000bbe      0x186 string.o
 .debug_info    0x0000000000000d44      0x2f6 app.o
 .debug_info    0x000000000000103a      0x58a task.o
 .debug_info    0x00000000000015c4      0x1f9 timer.o
 .debug_info    0x00000000000017bd      0x221 stack.o
 .debug_info    0x00000000000019de      0xcdb address.o
 .debug_info    0x00000000000026b9      0x10f assert.o
 .debug_info    0x00000000000027c8      0x233 vsprintf.o
 .debug_info    0x00000000000029fb      0x1df printf.o
 .debug_info    0x0000000000002bda      0x191 loader.o

.debug_abbrev   0x0000000000000000     0x13ec
 .debug_abbrev  0x0000000000000000       0x14 entry.o
 .debug_abbrev  0x0000000000000014       0x14 kerneltrap.o
 .debug_abbrev  0x0000000000000028       0x14 switch.o
 .debug_abbrev  0x000000000000003c       0xf7 sbi.o
 .debug_abbrev  0x0000000000000133       0xe2 main.o
 .debug_abbrev  0x0000000000000215      0x15a printk.o
 .debug_abbrev  0x000000000000036f      0x163 trap.o
 .debug_abbrev  0x00000000000004d2      0x154 syscall.o
 .debug_abbrev  0x0000000000000626       0xab string.o
 .debug_abbrev  0x00000000000006d1      0x188 app.o
 .debug_abbrev  0x0000000000000859      0x1e1 task.o
 .debug_abbrev  0x0000000000000a3a      0x122 timer.o
 .debug_abbrev  0x0000000000000b5c      0x143 stack.o
 .debug_abbrev  0x0000000000000c9f      0x39c address.o
 .debug_abbrev  0x000000000000103b       0xb8 assert.o
 .debug_abbrev  0x00000000000010f3       0xbb vsprintf.o
 .debug_abbrev  0x00000000000011ae      0x111 printf.o
 .debug_abbrev  0x00000000000012bf      0x12d loader.o

.debug_aranges  0x0000000000000000      0x360
 .debug_aranges
                0x0000000000000000       0x30 entry.o
 .debug_aranges
                0x0000000000000030       0x30 kerneltrap.o
 .debug_aranges
                0x0000000000000060       0x30 switch.o
 .debug_aranges
                0x0000000000000090       0x30 sbi.o
 .debug_aranges
                0x00000000000000c0       0x30 main.o
 .debug_aranges
                0x00000000000000f0       0x30 printk.o
 .debug_aranges
                0x0000000000000120       0x30 trap.o
 .debug_aranges
                0x0000000000000150       0x30 syscall.o
 .debug_aranges
                0x0000000000000180       0x30 string.o
 .debug_aranges
                0x00000000000001b0       0x30 app.o
 .debug_aranges
                0x00000000000001e0       0x30 task.o
 .debug_aranges
                0x0000000000000210       0x30 timer.o
 .debug_aranges
                0x0000000000000240       0x30 stack.o
 .debug_aranges
                0x0000000000000270       0x30 address.o
 .debug_aranges
                0x00000000000002a0       0x30 assert.o
 .debug_aranges
                0x00000000000002d0       0x30 vsprintf.o
 .debug_aranges
                0x0000000000000300       0x30 printf.o
 .debug_aranges
                0x0000000000000330       0x30 loader.o

.debug_str      0x0000000000000000      0xa06
 .debug_str     0x0000000000000000       0x34 entry.o
 .debug_str     0x0000000000000034       0x11 kerneltrap.o
                                         0x39 (size before relaxing)
 .debug_str     0x0000000000000045        0xd switch.o
                                         0x35 (size before relaxing)
 .debug_str     0x0000000000000052      0x2a9 sbi.o
                                        0x2d7 (size before relaxing)
 .debug_str     0x00000000000002fb       0x65 main.o
                                        0x15e (size before relaxing)
 .debug_str     0x0000000000000360       0x4d printk.o
                                        0x160 (size before relaxing)
 .debug_str     0x00000000000003ad       0x6f trap.o
                                        0x188 (size before relaxing)
 .debug_str     0x000000000000041c       0x5a syscall.o
                                        0x18d (size before relaxing)
 .debug_str     0x0000000000000476       0x20 string.o
                                        0x110 (size before relaxing)
 .debug_str     0x0000000000000496       0x4f app.o
                                        0x195 (size before relaxing)
 .debug_str     0x00000000000004e5      0x125 task.o
                                        0x258 (size before relaxing)
 .debug_str     0x000000000000060a       0x1f timer.o
                                        0x15e (size before relaxing)
 .debug_str     0x0000000000000629       0x2a stack.o
                                        0x134 (size before relaxing)
 .debug_str     0x0000000000000653      0x365 address.o
                                        0x51b (size before relaxing)
 .debug_str     0x00000000000009b8       0x19 assert.o
                                         0xf8 (size before relaxing)
 .debug_str     0x00000000000009d1       0x19 vsprintf.o
                                        0x144 (size before relaxing)
 .debug_str     0x00000000000009ea       0x19 printf.o
                                        0x16b (size before relaxing)
 .debug_str     0x00000000000009ea       0x1c loader.o
                                        0x163 (size before relaxing)

.debug_frame    0x0000000000000000     0x11c8
 .debug_frame   0x0000000000000000       0xa0 sbi.o
 .debug_frame   0x00000000000000a0       0x38 main.o
 .debug_frame   0x00000000000000d8       0xc8 printk.o
 .debug_frame   0x00000000000001a0       0xd0 trap.o
 .debug_frame   0x0000000000000270       0xd0 syscall.o
 .debug_frame   0x0000000000000340       0xa0 string.o
 .debug_frame   0x00000000000003e0      0x178 app.o
 .debug_frame   0x0000000000000558      0x140 task.o
 .debug_frame   0x0000000000000698      0x190 timer.o
 .debug_frame   0x0000000000000828      0x130 stack.o
 .debug_frame   0x0000000000000958      0x6e0 address.o
 .debug_frame   0x0000000000001038       0x68 assert.o
 .debug_frame   0x00000000000010a0       0x40 vsprintf.o
 .debug_frame   0x00000000000010e0       0x70 printf.o
 .debug_frame   0x0000000000001150       0x78 loader.o

.debug_rnglists
                0x0000000000000000       0x52
 .debug_rnglists
                0x0000000000000000       0x52 address.o
