
Memory Configuration

Name             Origin             Length             Attributes
ram              0x0000000080200000 0x0000000008000000 axrl!w
*default*        0x0000000000000000 0xffffffffffffffff

Linker script and memory map

LOAD entry.o
LOAD kerneltrap.o
LOAD switch.o
LOAD link_app.o
LOAD sbi.o
LOAD main.o
LOAD printk.o
LOAD trap.o
LOAD syscall.o
LOAD string.o
LOAD app.o
LOAD timer.o
LOAD stack.o
LOAD address.o
LOAD task.o
LOAD assert.o
LOAD vsprintf.o
LOAD printf.o
LOAD loader.o
                0x0000000080200000                BASE_ADDRESS = 0x80200000
                0x0000000000000000                skernel = .

.text           0x0000000080200000     0x5000
 *(.text.entry)
 .text.entry    0x0000000080200000        0xc entry.o
                0x0000000080200000                _start
                0x0000000080201000                . = ALIGN (0x1000)
 *fill*         0x000000008020000c      0xff4 
                0x0000000080201000                trampoline = .
 *(.text.trampoline)
 .text.trampoline
                0x0000000080201000       0xca kerneltrap.o
                0x0000000080201000                __alltraps
                0x0000000080201068                __restore
                0x0000000080202000                . = ALIGN (0x1000)
 *fill*         0x00000000802010ca      0xf36 
                0x0000000080202000                _strampoline = .
 *(.text .text.*)
 .text          0x0000000080202000        0x0 entry.o
 .text          0x0000000080202000        0x0 kerneltrap.o
 .text          0x0000000080202000       0x6a switch.o
                0x0000000080202000                __switch
 *fill*         0x000000008020206a        0x6 
 .text          0x0000000080202070        0x2 link_app.o
 .text          0x0000000080202072      0x11c sbi.o
                0x0000000080202072                sbi_ecall
                0x00000000802020f6                sbi_console_putchar
                0x0000000080202124                sbi_console_getchar
                0x000000008020215c                sbi_set_timer
 .text          0x000000008020218e       0x56 main.o
                0x000000008020218e                os_main
 .text          0x00000000802021e4      0x142 printk.o
                0x00000000802021e4                uart_puts
                0x00000000802022a0                printk
                0x00000000802022f8                panic
 .text          0x0000000080202326      0x1b6 trap.o
                0x000000008020235a                trap_from_kernel
                0x0000000080202378                set_kernel_trap_entry
                0x0000000080202398                set_user_trap_entry
                0x00000000802023b8                trap_handler
                0x000000008020247a                trap_return
 .text          0x00000000802024dc      0x2e2 syscall.o
                0x00000000802024dc                translated_byte_buffer
                0x0000000080202568                __sys_write
                0x00000000802025d8                __sys_read
                0x000000008020265e                __sys_yield
                0x0000000080202674                __sys_gettime
                0x000000008020268c                __sys_exec
                0x00000000802026c8                __SYSCALL
 .text          0x00000000802027be      0x16c string.o
                0x00000000802027be                strlen
                0x00000000802027fa                memcpy
                0x0000000080202850                memset
                0x00000000802028a0                strcmp
 .text          0x000000008020292a      0x15a app.o
                0x000000008020292a                syscall
                0x000000008020295e                sys_write
                0x0000000080202994                sys_yield
                0x00000000802029b6                sys_gettime
                0x00000000802029d8                sys_read
                0x0000000080202a10                sys_fork
                0x0000000080202a34                sys_exec
                0x0000000080202a60                getchar
 .text          0x0000000080202a84      0x12a timer.o
                0x0000000080202b28                set_next_trigger
                0x0000000080202b4e                timer_init
                0x0000000080202b84                get_time_us
 .text          0x0000000080202bae      0x18e stack.o
                0x0000000080202bae                initStack
                0x0000000080202bce                isEmpty
                0x0000000080202bfc                isFull
                0x0000000080202c2e                push
                0x0000000080202c98                pop
                0x0000000080202cf4                top
 .text          0x0000000080202d3c      0xca2 address.o
                0x0000000080202d82                phys_addr_from_size_t
                0x0000000080202da6                phys_page_num_from_size_t
                0x0000000080202dca                size_t_from_phys_addr
                0x0000000080202de0                size_t_from_phys_page_num
                0x0000000080202df6                phys_addr_from_phys_page_num
                0x0000000080202e16                virt_addr_from_size_t
                0x0000000080202e3a                virt_page_num_from_size_t
                0x0000000080202e60                size_t_from_virt_addr
                0x0000000080202e8e                size_t_from_virt_page_num
                0x0000000080202ea4                floor_phys
                0x0000000080202ec4                ceil_phys
                0x0000000080202eea                floor_virts
                0x0000000080202f0a                virt_page_num_from_virt_addr
                0x0000000080202f2a                PageTableEntry_new
                0x0000000080202f58                PageTableEntry_empty
                0x0000000080202f6e                PageTableEntry_ppn
                0x0000000080202f98                PageTableEntry_flags
                0x0000000080202fb4                PageTableEntry_is_valid
                0x0000000080202fea                get_bytes_array
                0x0000000080203012                get_pte_array
                0x000000008020303a                StackFrameAllocator_new
                0x000000008020306c                StackFrameAllocator_init
                0x000000008020309a                StackFrameAllocator_alloc
                0x000000008020311e                StackFrameAllocator_dealloc
                0x00000000802031c0                frame_alloctor_init
                0x0000000080203220                indexes
                0x00000000802032ae                kalloc
                0x00000000802032d6                find_pte_create
                0x0000000080203398                kfree
                0x00000000802033be                find_pte
                0x0000000080203468                PageTable_map
                0x0000000080203556                uvmcopy
                0x000000008020362c                uvmunmap
                0x000000008020370e                freewalk
                0x00000000802037ce                uvmfree
                0x000000008020381c                proc_freepagetable
                0x000000008020388e                kvmmake
                0x0000000080203970                kvminit
                0x00000000802039ac                kvminithart
 .text          0x00000000802039de      0x944 task.o
                0x0000000080203a12                tcx_init
                0x0000000080203a8a                procinit
                0x0000000080203acc                proc_mapstacks
                0x0000000080203ba8                proc_trap
                0x0000000080203bf2                proc_pagetable
                0x0000000080203c7c                proc_ustack
                0x0000000080203ce4                task_create_pt
                0x0000000080203d74                app_init
                0x0000000080203ed4                get_current_trap_cx
                0x0000000080203f00                current_user_token
                0x0000000080203f32                schedule
                0x000000008020403a                run_first_task
                0x000000008020407e                current_proc
                0x00000000802040a8                allocpid
                0x00000000802040e2                allocproc
                0x0000000080204156                __sys_fork
                0x0000000080204234                exec
 .text          0x0000000080204322       0x6c assert.o
                0x0000000080204340                assertion_failure
 .text          0x000000008020438e      0x430 vsprintf.o
                0x000000008020438e                _vsnprintf
 .text          0x00000000802047be       0xc2 printf.o
                0x0000000080204828                printf
 .text          0x0000000080204880      0x54c loader.o
                0x0000000080204880                get_num_app
                0x0000000080204898                get_app_data
                0x0000000080204948                get_app_data_by_name
                0x00000000802049fa                get_app_names
                0x0000000080204af6                flags_to_mmap_prot
                0x0000000080204b7c                elf_check
                0x0000000080204bf6                load_segment
                0x0000000080204d66                load_app
                0x0000000080205000                . = ALIGN (0x1000)
 *fill*         0x0000000080204dcc      0x234 
                0x0000000080205000                PROVIDE (etext = .)

.rodata         0x0000000080205000     0x1000
 *(.rodata .rodata.*)
 .rodata        0x0000000080205000       0x11 main.o
 *fill*         0x0000000080205011        0x7 
 .rodata        0x0000000080205018       0x32 printk.o
 *fill*         0x000000008020504a        0x6 
 .rodata        0x0000000080205050       0x56 trap.o
 *fill*         0x00000000802050a6        0x2 
 .rodata        0x00000000802050a8       0x8b syscall.o
 *fill*         0x0000000080205133        0x5 
 .rodata        0x0000000080205138       0x38 stack.o
 .rodata        0x0000000080205170       0xba address.o
 *fill*         0x000000008020522a        0x6 
 .rodata        0x0000000080205230       0x70 task.o
 .rodata        0x00000000802052a0       0x74 assert.o
 .rodata        0x0000000080205314       0x58 vsprintf.o
 *fill*         0x000000008020536c        0x4 
 .rodata        0x0000000080205370       0xd3 loader.o
                0x0000000080206000                . = ALIGN (0x1000)
 *fill*         0x0000000080205443      0xbbd 

.rela.dyn       0x0000000080206000        0x0
 .rela.text     0x0000000080206000        0x0 entry.o

.data           0x0000000080206000     0x8000
 *(.sdata .sdata.*)
 .sdata         0x0000000080206000        0x4 task.o
                0x0000000080206000                nextpid
 *(.data .data.*)
 .data          0x0000000080206004        0x0 entry.o
 .data          0x0000000080206004        0x0 kerneltrap.o
 .data          0x0000000080206004        0x0 switch.o
 *fill*         0x0000000080206004        0x4 
 .data          0x0000000080206008     0x7658 link_app.o
                0x0000000080206008                _num_app
                0x0000000080206030                _app_names
                0x0000000080206040                app_0_start
                0x00000000802087a8                app_0_end
                0x00000000802087a8                app_1_start
                0x000000008020af00                app_2_start
                0x000000008020af00                app_1_end
                0x000000008020d660                app_2_end
 .data          0x000000008020d660        0x0 sbi.o
 .data          0x000000008020d660        0x0 main.o
 .data          0x000000008020d660        0x0 printk.o
 .data          0x000000008020d660        0x0 trap.o
 .data          0x000000008020d660        0x0 syscall.o
 .data          0x000000008020d660        0x0 string.o
 .data          0x000000008020d660        0x0 app.o
 .data          0x000000008020d660        0x0 timer.o
 .data          0x000000008020d660        0x0 stack.o
 .data          0x000000008020d660        0x0 address.o
 .data          0x000000008020d660        0x0 task.o
 .data          0x000000008020d660        0x0 assert.o
 .data          0x000000008020d660        0x0 vsprintf.o
 .data          0x000000008020d660        0x0 printf.o
 .data          0x000000008020d660        0x0 loader.o
                0x000000008020e000                . = ALIGN (0x1000)
 *fill*         0x000000008020d660      0x9a0 
                [!provide]                        PROVIDE (_data_end = .)

.bss            0x000000008020e000    0x25000
 *(.sbss .sbss.*)
 .sbss          0x000000008020e000       0x10 address.o
                0x000000008020e000                kernel_pagetable
                0x000000008020e008                kernel_satp
 *(.bss .bss.*)
 .bss           0x000000008020e010        0x0 entry.o
 .bss.stack     0x000000008020e010    0x10000 entry.o
                0x000000008020e010                boot_stack_lower_bound
                0x000000008021e010                boot_stack_top
 .bss           0x000000008021e010        0x0 kerneltrap.o
 .bss           0x000000008021e010        0x0 switch.o
 .bss           0x000000008021e010        0x0 link_app.o
 .bss           0x000000008021e010        0x0 sbi.o
 .bss           0x000000008021e010        0x0 main.o
 .bss           0x000000008021e010      0x3e8 printk.o
 .bss           0x000000008021e3f8        0x0 trap.o
 .bss           0x000000008021e3f8        0x0 syscall.o
 .bss           0x000000008021e3f8        0x0 string.o
 .bss           0x000000008021e3f8        0x0 app.o
 .bss           0x000000008021e3f8        0x0 timer.o
 .bss           0x000000008021e3f8        0x0 stack.o
 .bss           0x000000008021e3f8    0x13898 address.o
                0x000000008021e3f8                FrameAllocatorImpl
 .bss           0x0000000080231c90      0x6e8 task.o
                0x0000000080231c90                tasks
 .bss           0x0000000080232378        0x0 assert.o
 .bss           0x0000000080232378        0x0 vsprintf.o
 .bss           0x0000000080232378      0x3e8 printf.o
 .bss           0x0000000080232760       0x50 loader.o
 *(COMMON)
                0x0000000080233000                . = ALIGN (0x1000)
 *fill*         0x00000000802327b0      0x850 
                0x0000000080233000                PROVIDE (kernelend = .)
OUTPUT(os.elf elf64-littleriscv)

.riscv.attributes
                0x0000000000000000       0x42
 .riscv.attributes
                0x0000000000000000       0x3c entry.o
 .riscv.attributes
                0x000000000000003c       0x40 kerneltrap.o
 .riscv.attributes
                0x000000000000007c       0x3c switch.o
 .riscv.attributes
                0x00000000000000b8       0x3c link_app.o
 .riscv.attributes
                0x00000000000000f4       0x3e sbi.o
 .riscv.attributes
                0x0000000000000132       0x3e main.o
 .riscv.attributes
                0x0000000000000170       0x3e printk.o
 .riscv.attributes
                0x00000000000001ae       0x42 trap.o
 .riscv.attributes
                0x00000000000001f0       0x3e syscall.o
 .riscv.attributes
                0x000000000000022e       0x3e string.o
 .riscv.attributes
                0x000000000000026c       0x3e app.o
 .riscv.attributes
                0x00000000000002aa       0x42 timer.o
 .riscv.attributes
                0x00000000000002ec       0x3e stack.o
 .riscv.attributes
                0x000000000000032a       0x42 address.o
 .riscv.attributes
                0x000000000000036c       0x42 task.o
 .riscv.attributes
                0x00000000000003ae       0x3e assert.o
 .riscv.attributes
                0x00000000000003ec       0x3e vsprintf.o
 .riscv.attributes
                0x000000000000042a       0x3e printf.o
 .riscv.attributes
                0x0000000000000468       0x3e loader.o

.comment        0x0000000000000000       0x1b
 .comment       0x0000000000000000       0x1b sbi.o
                                         0x1c (size before relaxing)
 .comment       0x000000000000001b       0x1c main.o
 .comment       0x000000000000001b       0x1c printk.o
 .comment       0x000000000000001b       0x1c trap.o
 .comment       0x000000000000001b       0x1c syscall.o
 .comment       0x000000000000001b       0x1c string.o
 .comment       0x000000000000001b       0x1c app.o
 .comment       0x000000000000001b       0x1c timer.o
 .comment       0x000000000000001b       0x1c stack.o
 .comment       0x000000000000001b       0x1c address.o
 .comment       0x000000000000001b       0x1c task.o
 .comment       0x000000000000001b       0x1c assert.o
 .comment       0x000000000000001b       0x1c vsprintf.o
 .comment       0x000000000000001b       0x1c printf.o
 .comment       0x000000000000001b       0x1c loader.o

.debug_line     0x0000000000000000     0x2dad
 .debug_line    0x0000000000000000       0x52 entry.o
 .debug_line    0x0000000000000052      0x238 kerneltrap.o
 .debug_line    0x000000000000028a       0x72 switch.o
 .debug_line    0x00000000000002fc      0x100 sbi.o
 .debug_line    0x00000000000003fc       0xca main.o
 .debug_line    0x00000000000004c6      0x141 printk.o
 .debug_line    0x0000000000000607      0x1f1 trap.o
 .debug_line    0x00000000000007f8      0x236 syscall.o
 .debug_line    0x0000000000000a2e      0x1e1 string.o
 .debug_line    0x0000000000000c0f      0x130 app.o
 .debug_line    0x0000000000000d3f      0x17c timer.o
 .debug_line    0x0000000000000ebb      0x18f stack.o
 .debug_line    0x000000000000104a      0xb84 address.o
 .debug_line    0x0000000000001bce      0x6eb task.o
 .debug_line    0x00000000000022b9       0x80 assert.o
 .debug_line    0x0000000000002339      0x4e8 vsprintf.o
 .debug_line    0x0000000000002821       0xd0 printf.o
 .debug_line    0x00000000000028f1      0x4bc loader.o

.debug_line_str
                0x0000000000000000      0x1c8
 .debug_line_str
                0x0000000000000000       0x26 entry.o
 .debug_line_str
                0x0000000000000026        0xd kerneltrap.o
                                         0x2b (size before relaxing)
 .debug_line_str
                0x0000000000000033        0x9 switch.o
                                         0x27 (size before relaxing)
 .debug_line_str
                0x000000000000003c       0x2a sbi.o
                                         0x6e (size before relaxing)
 .debug_line_str
                0x0000000000000066       0x32 main.o
                                         0x92 (size before relaxing)
 .debug_line_str
                0x0000000000000098       0x5f printk.o
                                         0xcb (size before relaxing)
 .debug_line_str
                0x00000000000000f7       0x27 trap.o
                                         0x9b (size before relaxing)
 .debug_line_str
                0x000000000000011e       0x17 syscall.o
                                         0x9b (size before relaxing)
 .debug_line_str
                0x0000000000000135       0x11 string.o
                                         0x71 (size before relaxing)
 .debug_line_str
                0x0000000000000146        0xa app.o
                                         0x70 (size before relaxing)
 .debug_line_str
                0x0000000000000150        0xc timer.o
                                         0x7b (size before relaxing)
 .debug_line_str
                0x000000000000015c       0x14 stack.o
                                         0x7e (size before relaxing)
 .debug_line_str
                0x0000000000000170       0x17 address.o
                                         0xaf (size before relaxing)
 .debug_line_str
                0x0000000000000187        0xb task.o
                                         0xad (size before relaxing)
 .debug_line_str
                0x0000000000000192        0xd assert.o
                                         0x57 (size before relaxing)
 .debug_line_str
                0x000000000000019f        0xf vsprintf.o
                                         0xc9 (size before relaxing)
 .debug_line_str
                0x00000000000001ae        0xd printf.o
                                         0xd5 (size before relaxing)
 .debug_line_str
                0x00000000000001bb        0xd loader.o
                                         0xaf (size before relaxing)

.debug_info     0x0000000000000000     0x4375
 .debug_info    0x0000000000000000       0x28 entry.o
 .debug_info    0x0000000000000028       0x29 kerneltrap.o
 .debug_info    0x0000000000000051       0x28 switch.o
 .debug_info    0x0000000000000079      0x2b8 sbi.o
 .debug_info    0x0000000000000331      0x172 main.o
 .debug_info    0x00000000000004a3      0x216 printk.o
 .debug_info    0x00000000000006b9      0x422 trap.o
 .debug_info    0x0000000000000adb      0x4d1 syscall.o
 .debug_info    0x0000000000000fac      0x1c1 string.o
 .debug_info    0x000000000000116d      0x2b6 app.o
 .debug_info    0x0000000000001423      0x206 timer.o
 .debug_info    0x0000000000001629      0x221 stack.o
 .debug_info    0x000000000000184a      0xfe7 address.o
 .debug_info    0x0000000000002831      0xcd1 task.o
 .debug_info    0x0000000000003502      0x10f assert.o
 .debug_info    0x0000000000003611      0x233 vsprintf.o
 .debug_info    0x0000000000003844      0x1df printf.o
 .debug_info    0x0000000000003a23      0x952 loader.o

.debug_abbrev   0x0000000000000000     0x16ef
 .debug_abbrev  0x0000000000000000       0x14 entry.o
 .debug_abbrev  0x0000000000000014       0x14 kerneltrap.o
 .debug_abbrev  0x0000000000000028       0x14 switch.o
 .debug_abbrev  0x000000000000003c      0x114 sbi.o
 .debug_abbrev  0x0000000000000150       0xd6 main.o
 .debug_abbrev  0x0000000000000226      0x15a printk.o
 .debug_abbrev  0x0000000000000380      0x19e trap.o
 .debug_abbrev  0x000000000000051e      0x1d3 syscall.o
 .debug_abbrev  0x00000000000006f1       0xc6 string.o
 .debug_abbrev  0x00000000000007b7      0x131 app.o
 .debug_abbrev  0x00000000000008e8      0x136 timer.o
 .debug_abbrev  0x0000000000000a1e      0x143 stack.o
 .debug_abbrev  0x0000000000000b61      0x3b2 address.o
 .debug_abbrev  0x0000000000000f13      0x330 task.o
 .debug_abbrev  0x0000000000001243       0xb8 assert.o
 .debug_abbrev  0x00000000000012fb       0xbb vsprintf.o
 .debug_abbrev  0x00000000000013b6      0x111 printf.o
 .debug_abbrev  0x00000000000014c7      0x228 loader.o

.debug_aranges  0x0000000000000000      0x360
 .debug_aranges
                0x0000000000000000       0x30 entry.o
 .debug_aranges
                0x0000000000000030       0x30 kerneltrap.o
 .debug_aranges
                0x0000000000000060       0x30 switch.o
 .debug_aranges
                0x0000000000000090       0x30 sbi.o
 .debug_aranges
                0x00000000000000c0       0x30 main.o
 .debug_aranges
                0x00000000000000f0       0x30 printk.o
 .debug_aranges
                0x0000000000000120       0x30 trap.o
 .debug_aranges
                0x0000000000000150       0x30 syscall.o
 .debug_aranges
                0x0000000000000180       0x30 string.o
 .debug_aranges
                0x00000000000001b0       0x30 app.o
 .debug_aranges
                0x00000000000001e0       0x30 timer.o
 .debug_aranges
                0x0000000000000210       0x30 stack.o
 .debug_aranges
                0x0000000000000240       0x30 address.o
 .debug_aranges
                0x0000000000000270       0x30 task.o
 .debug_aranges
                0x00000000000002a0       0x30 assert.o
 .debug_aranges
                0x00000000000002d0       0x30 vsprintf.o
 .debug_aranges
                0x0000000000000300       0x30 printf.o
 .debug_aranges
                0x0000000000000330       0x30 loader.o

.debug_str      0x0000000000000000      0xd20
 .debug_str     0x0000000000000000       0x34 entry.o
 .debug_str     0x0000000000000034       0x11 kerneltrap.o
                                         0x39 (size before relaxing)
 .debug_str     0x0000000000000045        0xd switch.o
                                         0x35 (size before relaxing)
 .debug_str     0x0000000000000052      0x2a3 sbi.o
                                        0x2d1 (size before relaxing)
 .debug_str     0x00000000000002f5       0xaa main.o
                                        0x180 (size before relaxing)
 .debug_str     0x000000000000039f       0x4d printk.o
                                        0x160 (size before relaxing)
 .debug_str     0x00000000000003ec      0x108 trap.o
                                        0x233 (size before relaxing)
 .debug_str     0x00000000000004f4      0x144 syscall.o
                                        0x2b8 (size before relaxing)
 .debug_str     0x0000000000000638       0x27 string.o
                                        0x117 (size before relaxing)
 .debug_str     0x000000000000065f        0x8 app.o
                                        0x18a (size before relaxing)
 .debug_str     0x0000000000000667       0x30 timer.o
                                        0x15e (size before relaxing)
 .debug_str     0x0000000000000697       0x24 stack.o
                                        0x134 (size before relaxing)
 .debug_str     0x00000000000006bb      0x346 address.o
                                        0x5b1 (size before relaxing)
 .debug_str     0x0000000000000a01      0x259 task.o
                                        0x535 (size before relaxing)
 .debug_str     0x0000000000000c5a        0xf assert.o
                                         0xf8 (size before relaxing)
 .debug_str     0x0000000000000c69       0x19 vsprintf.o
                                        0x144 (size before relaxing)
 .debug_str     0x0000000000000c82       0x19 printf.o
                                        0x16b (size before relaxing)
 .debug_str     0x0000000000000c82       0x9e loader.o
                                        0x46c (size before relaxing)

.debug_frame    0x0000000000000000     0x1868
 .debug_frame   0x0000000000000000       0xd0 sbi.o
 .debug_frame   0x00000000000000d0       0x40 main.o
 .debug_frame   0x0000000000000110       0xc8 printk.o
 .debug_frame   0x00000000000001d8      0x160 trap.o
 .debug_frame   0x0000000000000338      0x160 syscall.o
 .debug_frame   0x0000000000000498       0xd0 string.o
 .debug_frame   0x0000000000000568      0x190 app.o
 .debug_frame   0x00000000000006f8      0x1c0 timer.o
 .debug_frame   0x00000000000008b8      0x130 stack.o
 .debug_frame   0x00000000000009e8      0x808 address.o
 .debug_frame   0x00000000000011f0      0x3c8 task.o
 .debug_frame   0x00000000000015b8       0x68 assert.o
 .debug_frame   0x0000000000001620       0x40 vsprintf.o
 .debug_frame   0x0000000000001660       0x70 printf.o
 .debug_frame   0x00000000000016d0      0x198 loader.o

.debug_rnglists
                0x0000000000000000       0x81
 .debug_rnglists
                0x0000000000000000       0x2f syscall.o
 .debug_rnglists
                0x000000000000002f       0x52 address.o
